======[Sampling topology]======
[Volume ]   ==>> Box: 1.500000 1.500000 1.500000
[Npoints]   ==>> 10000
[Threads]   ==>> 32
[STEP SIZE] ==>> 0.01
=~=~=~=~[Trajectory 0]=~=~=~=~
====[Initializing threads]====
[Thread: 20379] ==>> Spinning up...
[Thread: 20381] ==>> Spinning up...
[Thread: 20380] ==>> Spinning up...
[Thread: 20382] ==>> Spinning up...
[Thread: 20385] ==>> Spinning up...
[Thread: 20384] ==>> Spinning up...
[Thread: 20383] ==>> Spinning up...
[Thread: 20387] ==>> Spinning up...
[Thread: 20388] ==>> Spinning up...
[Thread: 20389] ==>> Spinning up...
[Thread: 20390] ==>> Spinning up...
[Thread: 20386] ==>> Spinning up...
[Thread: 20391] ==>> Spinning up...
[Thread: 20392] ==>> Spinning up...
[Thread: 20394] ==>> Spinning up...
[Thread: 20393] ==>> Spinning up...
[Thread: 20396] ==>> Spinning up...
[Thread: 20403] ==>> Spinning up...
[Thread: 20400] ==>> Spinning up...
[Thread: 20401] ==>> Spinning up...
[Thread: 20399] ==>> Spinning up...
[Thread: 20402] ==>> Spinning up...
[Thread: 20395] ==>> Spinning up...
[Thread: 20397] ==>> Spinning up...
[Thread: 20404] ==>> Spinning up...
[Thread: 20398] ==>> Spinning up...
[Thread: 20405] ==>> Spinning up...
[Thread: 20407] ==>> Spinning up...
[Thread: 20408] ==>> Spinning up...
[Thread: 20409] ==>> Spinning up...
[Thread: 20410] ==>> Spinning up...
[Thread: 20406] ==>> Spinning up...
[Thread: 20398] ==>> 310 Points calculated
[Thread: 20385] ==>> 297 Points calculated
[Thread: 20381] ==>> 352 Points calculated
[Thread: 20403] ==>> 309 Points calculated
[Thread: 20404] ==>> 264 Points calculated
[Thread: 20383] ==>> 319 Points calculated
[Thread: 20394] ==>> 354 Points calculated
[Thread: 20382] ==>> 320 Points calculated
[Thread: 20397] ==>> 326 Points calculated
[Thread: 20408] ==>> 296 Points calculated
[Thread: 20405] ==>> 308 Points calculated
[Thread: 20387] ==>> 305 Points calculated
[Thread: 20407] ==>> 321 Points calculated
[Thread: 20399] ==>> 319 Points calculated
[Thread: 20379] ==>> 286 Points calculated
[Thread: 20392] ==>> 332 Points calculated
[Thread: 20401] ==>> 286 Points calculated
[Thread: 20395] ==>> 328 Points calculated
[Thread: 20406] ==>> 321 Points calculated
[Thread: 20402] ==>> 327 Points calculated
[Thread: 20390] ==>> 323 Points calculated
[Thread: 20388] ==>> 303 Points calculated
[Thread: 20409] ==>> 284 Points calculated
[Thread: 20393] ==>> 281 Points calculated
[Thread: 20396] ==>> 296 Points calculated
[Thread: 20410] ==>> 324 Points calculated
[Thread: 20386] ==>> 332 Points calculated
[Thread: 20400] ==>> 314 Points calculated
[Thread: 20380] ==>> 315 Points calculated
[Thread: 20391] ==>> 292 Points calculated
[Thread: 20384] ==>> 307 Points calculated
[Thread: 20389] ==>> 349 Points calculated
Timer: 0.7926884 sec
====[Computing  Histograms]====
[Bins] ==>> 25 x 25
[XLim] ==>> [0, 3.84]
[YLim] ==>> [0.04, 0.01]
Timer: 0.000222827 sec
==[Computing Distance Matrix]==
Timer: 6.01e-07 sec
Distance matrix:
0 
