======[Sampling topology]======
[Volume ]   ==>> Box: 1.500000 1.500000 1.500000
[Npoints]   ==>> 100000
[Threads]   ==>> 32
[STEP SIZE] ==>> 0.05
=~=~=~=~[Trajectory 0]=~=~=~=~
====[Initializing threads]====
[Thread: 75854] ==>> Spinning up...
[Thread: 75855] ==>> Spinning up...
[Thread: 75856] ==>> Spinning up...
[Thread: 75857] ==>> Spinning up...
[Thread: 75858] ==>> Spinning up...
[Thread: 75866] ==>> Spinning up...
[Thread: 75860] ==>> Spinning up...
[Thread: 75869] ==>> Spinning up...
[Thread: 75871] ==>> Spinning up...
[Thread: 75863] ==>> Spinning up...
[Thread: 75859] ==>> Spinning up...
[Thread: 75865] ==>> Spinning up...
[Thread: 75867] ==>> Spinning up...
[Thread: 75861] ==>> Spinning up...
[Thread: 75870] ==>> Spinning up...
[Thread: 75862] ==>> Spinning up...
[Thread: 75872] ==>> Spinning up...
[Thread: 75864] ==>> Spinning up...
[Thread: 75873] ==>> Spinning up...
[Thread: 75876] ==>> Spinning up...
[Thread: 75875] ==>> Spinning up...
[Thread: 75877] ==>> Spinning up...
[Thread: 75879] ==>> Spinning up...
[Thread: 75884] ==>> Spinning up...
[Thread: 75878] ==>> Spinning up...
[Thread: 75874] ==>> Spinning up...
[Thread: 75882] ==>> Spinning up...
[Thread: 75883] ==>> Spinning up...
[Thread: 75881] ==>> Spinning up...
[Thread: 75885] ==>> Spinning up...
[Thread: 75880] ==>> Spinning up...
[Thread: 75868] ==>> Spinning up...
[Thread: 75882] ==>> 2993 Points calculated
[Thread: 75884] ==>> 3168 Points calculated
[Thread: 75862] ==>> 3073 Points calculated
[Thread: 75867] ==>> 3064 Points calculated
[Thread: 75855] ==>> 3094 Points calculated
[Thread: 75871] ==>> 3183 Points calculated
[Thread: 75873] ==>> 3207 Points calculated
[Thread: 75863] ==>> 3183 Points calculated
[Thread: 75870] ==>> 3061 Points calculated
[Thread: 75861] ==>> 3235 Points calculated
[Thread: 75875] ==>> 3214 Points calculated
[Thread: 75854] ==>> 3264 Points calculated
[Thread: 75876] ==>> 3184 Points calculated
[Thread: 75868] ==>> 2998 Points calculated
[Thread: 75881] ==>> 3049 Points calculated
[Thread: 75864] ==>> 3196 Points calculated
[Thread: 75877] ==>> 3182 Points calculated
[Thread: 75859] ==>> 3160 Points calculated
[Thread: 75880] ==>> 3018 Points calculated
[Thread: 75865] ==>> 3200 Points calculated
[Thread: 75866] ==>> 3185 Points calculated
[Thread: 75872] ==>> 3136 Points calculated
[Thread: 75879] ==>> 3162 Points calculated
[Thread: 75858] ==>> 3027 Points calculated
[Thread: 75883] ==>> 2977 Points calculated
[Thread: 75885] ==>> 3108 Points calculated
[Thread: 75869] ==>> 3177 Points calculated
[Thread: 75874] ==>> 3082 Points calculated
[Thread: 75857] ==>> 3030 Points calculated
[Thread: 75856] ==>> 3187 Points calculated
[Thread: 75878] ==>> 3228 Points calculated
[Thread: 75860] ==>> 2975 Points calculated
Timer: 1.7704538 sec
====[Computing  Histograms]====
[Bins] ==>> 25 x 25
[XLim] ==>> [0, 3.842]
[YLim] ==>> [0.05, 0.05]
/var/spool/slurm/d/job20788432/slurm_script: line 9: 75853 Killed                  cpet -p 4k_charges.pqr -o options_mcpet_generic.txt -t 32
slurmstepd: error: Detected 1 oom-kill event(s) in StepId=20788432.batch cgroup. Some of your processes may have been killed by the cgroup out-of-memory handler.
