======[Sampling topology]======
[Volume ]   ==>> Box: 1.500000 1.500000 1.500000
[Npoints]   ==>> 10000
[Threads]   ==>> 32
[STEP SIZE] ==>> 0.05
=~=~=~=~[Trajectory 0]=~=~=~=~
====[Initializing threads]====
[Thread: 66487] ==>> Spinning up...
[Thread: 66488] ==>> Spinning up...
[Thread: 66489] ==>> Spinning up...
[Thread: 66490] ==>> Spinning up...
[Thread: 66491] ==>> Spinning up...
[Thread: 66492] ==>> Spinning up...
[Thread: 66493] ==>> Spinning up...
[Thread: 66494] ==>> Spinning up...
[Thread: 66495] ==>> Spinning up...
[Thread: 66496] ==>> Spinning up...
[Thread: 66497] ==>> Spinning up...
[Thread: 66498] ==>> Spinning up...
[Thread: 66499] ==>> Spinning up...
[Thread: 66500] ==>> Spinning up...
[Thread: 66501] ==>> Spinning up...
[Thread: 66502] ==>> Spinning up...
[Thread: 66503] ==>> Spinning up...
[Thread: 66504] ==>> Spinning up...
[Thread: 66505] ==>> Spinning up...
[Thread: 66506] ==>> Spinning up...
[Thread: 66508] ==>> Spinning up...
[Thread: 66513] ==>> Spinning up...
[Thread: 66514] ==>> Spinning up...
[Thread: 66507] ==>> Spinning up...
[Thread: 66509] ==>> Spinning up...
[Thread: 66512] ==>> Spinning up...
[Thread: 66510] ==>> Spinning up...
[Thread: 66516] ==>> Spinning up...
[Thread: 66511] ==>> Spinning up...
[Thread: 66515] ==>> Spinning up...
[Thread: 66518] ==>> Spinning up...
[Thread: 66517] ==>> Spinning up...
[Thread: 66495] ==>> 372 Points calculated
[Thread: 66496] ==>> 291 Points calculated
[Thread: 66513] ==>> 339 Points calculated
[Thread: 66508] ==>> 349 Points calculated
[Thread: 66504] ==>> 343 Points calculated
[Thread: 66491] ==>> 310 Points calculated
[Thread: 66507] ==>> 227 Points calculated
[Thread: 66503] ==>> 275 Points calculated
[Thread: 66489] ==>> 367 Points calculated
[Thread: 66505] ==>> 348 Points calculated
[Thread: 66502] ==>> 366 Points calculated
[Thread: 66498] ==>> 333 Points calculated
[Thread: 66490] ==>> 361 Points calculated
[Thread: 66494] ==>> 302 Points calculated
[Thread: 66493] ==>> 357 Points calculated
[Thread: 66500] ==>> 314 Points calculated
[Thread: 66506] ==>> 342 Points calculated
[Thread: 66511] ==>> 277 Points calculated
[Thread: 66510] ==>> 287 Points calculated
[Thread: 66515] ==>> 312 Points calculated
[Thread: 66509] ==>> 175 Points calculated
[Thread: 66512] ==>> 230 Points calculated
[Thread: 66487] ==>> 369 Points calculated
[Thread: 66514] ==>> 307 Points calculated
[Thread: 66492] ==>> 350 Points calculated
[Thread: 66497] ==>> 342 Points calculated
[Thread: 66499] ==>> 326 Points calculated
[Thread: 66518] ==>> 263 Points calculated
[Thread: 66501] ==>> 324 Points calculated
[Thread: 66488] ==>> 244 Points calculated
[Thread: 66517] ==>> 253 Points calculated
[Thread: 66516] ==>> 345 Points calculated
Timer: 0.20248328 sec
====[Computing  Histograms]====
[Bins] ==>> 25 x 25
[XLim] ==>> [0, 3.889]
[YLim] ==>> [0.15, 0]
Timer: 0.000230384 sec
==[Computing Distance Matrix]==
Timer: 6.51e-07 sec
Distance matrix:
0 
