======[Sampling topology]======
[Volume ]   ==>> Box: 1.500000 1.500000 1.500000
[Npoints]   ==>> 100000
[Threads]   ==>> 1
[STEP SIZE] ==>> 0.001
=~=~=~=~[Trajectory 0]=~=~=~=~
