======[Sampling topology]======
[Volume ]   ==>> Box: 1.500000 1.500000 1.500000
[Npoints]   ==>> 10000
[Threads]   ==>> 32
[STEP SIZE] ==>> 0.001
=~=~=~=~[Trajectory 0]=~=~=~=~
====[Initializing threads]====
[Thread: 56580] ==>> Spinning up...
[Thread: 56581] ==>> Spinning up...
[Thread: 56584] ==>> Spinning up...
[Thread: 56586] ==>> Spinning up...
[Thread: 56582] ==>> Spinning up...
[Thread: 56585] ==>> Spinning up...
[Thread: 56583] ==>> Spinning up...
[Thread: 56587] ==>> Spinning up...
[Thread: 56588] ==>> Spinning up...
[Thread: 56592] ==>> Spinning up...
[Thread: 56591] ==>> Spinning up...
[Thread: 56593] ==>> Spinning up...
[Thread: 56589] ==>> Spinning up...
[Thread: 56604] ==>> Spinning up...
[Thread: 56594] ==>> Spinning up...
[Thread: 56601] ==>> Spinning up...
[Thread: 56605] ==>> Spinning up...
[Thread: 56606] ==>> Spinning up...
[Thread: 56600] ==>> Spinning up...
[Thread: 56607] ==>> Spinning up...
[Thread: 56596] ==>> Spinning up...
[Thread: 56599] ==>> Spinning up...
[Thread: 56598] ==>> Spinning up...
[Thread: 56590] ==>> Spinning up...
[Thread: 56597] ==>> Spinning up...
[Thread: 56609] ==>> Spinning up...
[Thread: 56610] ==>> Spinning up...
[Thread: 56611] ==>> Spinning up...
[Thread: 56603] ==>> Spinning up...
[Thread: 56608] ==>> Spinning up...
[Thread: 56595] ==>> Spinning up...
[Thread: 56602] ==>> Spinning up...
[Thread: 56588] ==>> 320 Points calculated
[Thread: 56585] ==>> 298 Points calculated
[Thread: 56605] ==>> 319 Points calculated
[Thread: 56597] ==>> 324 Points calculated
[Thread: 56602] ==>> 308 Points calculated
[Thread: 56609] ==>> 322 Points calculated
[Thread: 56608] ==>> 311 Points calculated
[Thread: 56587] ==>> 332 Points calculated
[Thread: 56601] ==>> 317 Points calculated
[Thread: 56594] ==>> 309 Points calculated
[Thread: 56589] ==>> 280 Points calculated
[Thread: 56604] ==>> 307 Points calculated
[Thread: 56607] ==>> 304 Points calculated
[Thread: 56599] ==>> 295 Points calculated
[Thread: 56590] ==>> 281 Points calculated
[Thread: 56580] ==>> 297 Points calculated
[Thread: 56600] ==>> 310 Points calculated
[Thread: 56582] ==>> 321 Points calculated
[Thread: 56606] ==>> 321 Points calculated
[Thread: 56584] ==>> 308 Points calculated
[Thread: 56591] ==>> 332 Points calculated
[Thread: 56593] ==>> 316 Points calculated
[Thread: 56596] ==>> 310 Points calculated
[Thread: 56586] ==>> 318 Points calculated
[Thread: 56610] ==>> 333 Points calculated
[Thread: 56603] ==>> 319 Points calculated
[Thread: 56595] ==>> 323 Points calculated
[Thread: 56583] ==>> 315 Points calculated
[Thread: 56611] ==>> 293 Points calculated
[Thread: 56598] ==>> 335 Points calculated
[Thread: 56592] ==>> 313 Points calculated
[Thread: 56581] ==>> 309 Points calculated
Timer: 7.9701276 sec
====[Computing  Histograms]====
[Bins] ==>> 25 x 25
[XLim] ==>> [0, 3.795]
[YLim] ==>> [2.859, 0.039]
Timer: 0.000264155 sec
==[Computing Distance Matrix]==
Timer: 6.71e-07 sec
Distance matrix:
0 
