======[Sampling topology]======
[Volume ]   ==>> Box: 1.500000 1.500000 1.500000
[Npoints]   ==>> 100
[Threads]   ==>> 32
[STEP SIZE] ==>> 0.05
=~=~=~=~[Trajectory 0]=~=~=~=~
====[Initializing threads]====
[Thread: 70079] ==>> Spinning up...
[Thread: 70080] ==>> Spinning up...
[Thread: 70084] ==>> Spinning up...
[Thread: 70082] ==>> Spinning up...
[Thread: 70083] ==>> Spinning up...
[Thread: 70081] ==>> Spinning up...
[Thread: 70085] ==>> Spinning up...
[Thread: 70086] ==>> Spinning up...
[Thread: 70087] ==>> Spinning up...
[Thread: 70095] ==>> Spinning up...
[Thread: 70089] ==>> Spinning up...
[Thread: 70093] ==>> Spinning up...
[Thread: 70094] ==>> Spinning up...
[Thread: 70092] ==>> Spinning up...
[Thread: 70103] ==>> Spinning up...
[Thread: 70104] ==>> Spinning up...
[Thread: 70105] ==>> Spinning up...
[Thread: 70100] ==>> Spinning up...
[Thread: 70101] ==>> Spinning up...
[Thread: 70102] ==>> Spinning up...
[Thread: 70106] ==>> Spinning up...
[Thread: 70107] ==>> Spinning up...
[Thread: 70099] ==>> Spinning up...
[Thread: 70099] ==>> 2 Points calculated
[Thread: 70106] ==>> 4 Points calculated
[Thread: 70095] ==>> 3 Points calculated
[Thread: 70110] ==>> Spinning up...
[Thread: 70110] ==>> 0 Points calculated
[Thread: 70094] ==>> 2 Points calculated
[Thread: 70108] ==>> Spinning up...
[Thread: 70081] ==>> 7 Points calculated
[Thread: 70086] ==>> 7 Points calculated
[Thread: 70107] ==>> 4 Points calculated
[Thread: 70091] ==>> Spinning up...
[Thread: 70091] ==>> 0 Points calculated
[Thread: 70097] ==>> Spinning up...
[Thread: 70097] ==>> 0 Points calculated
[Thread: 70083] ==>> 6 Points calculated
[Thread: 70109] ==>> Spinning up...
[Thread: 70109] ==>> 0 Points calculated
[Thread: 70104] ==>> 4 Points calculated
[Thread: 70085] ==>> 5 Points calculated
[Thread: 70096] ==>> Spinning up...
[Thread: 70096] ==>> 0 Points calculated
[Thread: 70090] ==>> Spinning up...
[Thread: 70090] ==>> 0 Points calculated
[Thread: 70101] ==>> 3 Points calculated
[Thread: 70079] ==>> 5 Points calculated
[Thread: 70108] ==>> 0 Points calculated
[Thread: 70098] ==>> Spinning up...
[Thread: 70098] ==>> 0 Points calculated
[Thread: 70088] ==>> Spinning up...
[Thread: 70088] ==>> 0 Points calculated
[Thread: 70087] ==>> 3 Points calculated
[Thread: 70080] ==>> 6 Points calculated
[Thread: 70103] ==>> 3 Points calculated
[Thread: 70105] ==>> 3 Points calculated
[Thread: 70102] ==>> 5 Points calculated
[Thread: 70082] ==>> 3 Points calculated
[Thread: 70089] ==>> 4 Points calculated
[Thread: 70084] ==>> 6 Points calculated
[Thread: 70093] ==>> 6 Points calculated
[Thread: 70092] ==>> 6 Points calculated
[Thread: 70100] ==>> 3 Points calculated
Timer: 0.004097971 sec
====[Computing  Histograms]====
[Bins] ==>> 25 x 25
[XLim] ==>> [0, 3.56]
[YLim] ==>> [0.2, 0.05]
Timer: 4.5005e-05 sec
==[Computing Distance Matrix]==
Timer: 1.112e-06 sec
Distance matrix:
0 
