======[Sampling topology]======
[Volume ]   ==>> Box: 1.500000 1.500000 1.500000
[Npoints]   ==>> 10
[Threads]   ==>> 32
[STEP SIZE] ==>> 0.5
=~=~=~=~[Trajectory 0]=~=~=~=~
====[Initializing threads]====
[Thread: 60401] ==>> Spinning up...
[Thread: 60403] ==>> Spinning up...
[Thread: 60402] ==>> Spinning up...
[Thread: 60407] ==>> Spinning up...
[Thread: 60405] ==>> Spinning up...
[Thread: 60410] ==>> Spinning up...
[Thread: 60411] ==>> Spinning up...
[Thread: 60408] ==>> Spinning up...
[Thread: 60409] ==>> Spinning up...
[Thread: 60406] ==>> Spinning up...
[Thread: 60406] ==>> 0 Points calculated
[Thread: 60404] ==>> Spinning up...
[Thread: 60404] ==>> 0 Points calculated
[Thread: 60405] ==>> 1 Points calculated
[Thread: 60420] ==>> Spinning up...
[Thread: 60420] ==>> 0 Points calculated
[Thread: 60417] ==>> Spinning up...
[Thread: 60415] ==>> Spinning up...
[Thread: 60409] ==>> 1 Points calculated
[Thread: 60418] ==>> Spinning up...
[Thread: 60418] ==>> 0 Points calculated
[Thread: 60419] ==>> Spinning up...
[Thread: 60419] ==>> 0 Points calculated
[Thread: 60413] ==>> Spinning up...
[Thread: 60413] ==>> 0 Points calculated
[Thread: 60414] ==>> Spinning up...
[Thread: 60414] ==>> 0 Points calculated
[Thread: 60408] ==>> 1 Points calculated
[Thread: 60410] ==>> 1 Points calculated
[Thread: 60407] ==>> 1 Points calculated
[Thread: 60421] ==>> Spinning up...
[Thread: 60421] ==>> 0 Points calculated
[Thread: 60417] ==>> 0 Points calculated
[Thread: 60428] ==>> Spinning up...
[Thread: 60428] ==>> 0 Points calculated
[Thread: 60411] ==>> 1 Points calculated
[Thread: 60403] ==>> 2 Points calculated
[Thread: 60402] ==>> 1 Points calculated
[Thread: 60422] ==>> Spinning up...
[Thread: 60422] ==>> 0 Points calculated
[Thread: 60423] ==>> Spinning up...
[Thread: 60423] ==>> 0 Points calculated
[Thread: 60424] ==>> Spinning up...
[Thread: 60424] ==>> 0 Points calculated
[Thread: 60427] ==>> Spinning up...
[Thread: 60427] ==>> 0 Points calculated
[Thread: 60416] ==>> Spinning up...
[Thread: 60416] ==>> 0 Points calculated
[Thread: 60429] ==>> Spinning up...
[Thread: 60429] ==>> 0 Points calculated
[Thread: 60401] ==>> 1 Points calculated
[Thread: 60430] ==>> Spinning up...
[Thread: 60430] ==>> 0 Points calculated
[Thread: 60432] ==>> Spinning up...
[Thread: 60432] ==>> 0 Points calculated
[Thread: 60426] ==>> Spinning up...
[Thread: 60426] ==>> 0 Points calculated
[Thread: 60412] ==>> Spinning up...
[Thread: 60412] ==>> 0 Points calculated
[Thread: 60425] ==>> Spinning up...
[Thread: 60425] ==>> 0 Points calculated
[Thread: 60431] ==>> Spinning up...
[Thread: 60431] ==>> 0 Points calculated
[Thread: 60415] ==>> 0 Points calculated
Timer: 0.002049149 sec
====[Computing  Histograms]====
[Bins] ==>> 25 x 25
[XLim] ==>> [0.5, 2.441]
[YLim] ==>> [2.441, 0.5]
Timer: 3.6949e-05 sec
==[Computing Distance Matrix]==
Timer: 8.11e-07 sec
Distance matrix:
0 
