======[Sampling topology]======
[Volume ]   ==>> Box: 1.500000 1.500000 1.500000
[Npoints]   ==>> 100000
[Threads]   ==>> 32
[STEP SIZE] ==>> 0.01
=~=~=~=~[Trajectory 0]=~=~=~=~
====[Initializing threads]====
[Thread: 64688] ==>> Spinning up...
[Thread: 64689] ==>> Spinning up...
[Thread: 64690] ==>> Spinning up...
[Thread: 64691] ==>> Spinning up...
[Thread: 64692] ==>> Spinning up...
[Thread: 64693] ==>> Spinning up...
[Thread: 64694] ==>> Spinning up...
[Thread: 64699] ==>> Spinning up...
[Thread: 64696] ==>> Spinning up...
[Thread: 64697] ==>> Spinning up...
[Thread: 64698] ==>> Spinning up...
[Thread: 64695] ==>> Spinning up...
[Thread: 64700] ==>> Spinning up...
[Thread: 64701] ==>> Spinning up...
[Thread: 64708] ==>> Spinning up...
[Thread: 64709] ==>> Spinning up...
[Thread: 64712] ==>> Spinning up...
[Thread: 64710] ==>> Spinning up...
[Thread: 64717] ==>> Spinning up...
[Thread: 64718] ==>> Spinning up...
[Thread: 64703] ==>> Spinning up...
[Thread: 64706] ==>> Spinning up...
[Thread: 64702] ==>> Spinning up...
[Thread: 64705] ==>> Spinning up...
[Thread: 64707] ==>> Spinning up...
[Thread: 64719] ==>> Spinning up...
[Thread: 64713] ==>> Spinning up...
[Thread: 64715] ==>> Spinning up...
[Thread: 64716] ==>> Spinning up...
[Thread: 64704] ==>> Spinning up...
[Thread: 64711] ==>> Spinning up...
[Thread: 64714] ==>> Spinning up...
[Thread: 64704] ==>> 3083 Points calculated
[Thread: 64712] ==>> 3226 Points calculated
[Thread: 64710] ==>> 3127 Points calculated
[Thread: 64688] ==>> 3136 Points calculated
[Thread: 64718] ==>> 3077 Points calculated
[Thread: 64707] ==>> 3186 Points calculated
[Thread: 64711] ==>> 3097 Points calculated
[Thread: 64699] ==>> 3100 Points calculated
[Thread: 64703] ==>> 3130 Points calculated
[Thread: 64716] ==>> 3091 Points calculated
[Thread: 64714] ==>> 3057 Points calculated
[Thread: 64713] ==>> 3095 Points calculated
[Thread: 64719] ==>> 3056 Points calculated
[Thread: 64690] ==>> 3162 Points calculated
[Thread: 64705] ==>> 3036 Points calculated
[Thread: 64696] ==>> 3080 Points calculated
[Thread: 64702] ==>> 3012 Points calculated
[Thread: 64701] ==>> 3134 Points calculated
[Thread: 64689] ==>> 3141 Points calculated
[Thread: 64700] ==>> 3228 Points calculated
[Thread: 64709] ==>> 3171 Points calculated
[Thread: 64717] ==>> 3154 Points calculated
[Thread: 64697] ==>> 3129 Points calculated
[Thread: 64715] ==>> 3104 Points calculated
[Thread: 64708] ==>> 3219 Points calculated
[Thread: 64691] ==>> 3148 Points calculated
[Thread: 64692] ==>> 3113 Points calculated
[Thread: 64693] ==>> 3113 Points calculated
[Thread: 64694] ==>> 3130 Points calculated
[Thread: 64695] ==>> 3191 Points calculated
[Thread: 64706] ==>> 3044 Points calculated
[Thread: 64698] ==>> 3230 Points calculated
Timer: 7.698235 sec
====[Computing  Histograms]====
[Bins] ==>> 25 x 25
[XLim] ==>> [0, 3.941]
[YLim] ==>> [0.03, 0]
Timer: 0.002497523 sec
==[Computing Distance Matrix]==
Timer: 9.22e-07 sec
Distance matrix:
0 
