======[Sampling topology]======
[Volume ]   ==>> Box: 1.500000 1.500000 1.500000
[Npoints]   ==>> 1000
[Threads]   ==>> 32
[STEP SIZE] ==>> 0.1
=~=~=~=~[Trajectory 0]=~=~=~=~
====[Initializing threads]====
[Thread: 41087] ==>> Spinning up...
[Thread: 41089] ==>> Spinning up...
[Thread: 41088] ==>> Spinning up...
[Thread: 41090] ==>> Spinning up...
[Thread: 41094] ==>> Spinning up...
[Thread: 41092] ==>> Spinning up...
[Thread: 41093] ==>> Spinning up...
[Thread: 41096] ==>> Spinning up...
[Thread: 41095] ==>> Spinning up...
[Thread: 41091] ==>> Spinning up...
[Thread: 41099] ==>> Spinning up...
[Thread: 41098] ==>> Spinning up...
[Thread: 41097] ==>> Spinning up...
[Thread: 41101] ==>> Spinning up...
[Thread: 41102] ==>> Spinning up...
[Thread: 41103] ==>> Spinning up...
[Thread: 41112] ==>> Spinning up...
[Thread: 41100] ==>> Spinning up...
[Thread: 41104] ==>> Spinning up...
[Thread: 41110] ==>> Spinning up...
[Thread: 41113] ==>> Spinning up...
[Thread: 41107] ==>> Spinning up...
[Thread: 41105] ==>> Spinning up...
[Thread: 41111] ==>> Spinning up...
[Thread: 41115] ==>> Spinning up...
[Thread: 41100] ==>> 52 Points calculated
[Thread: 41105] ==>> 17 Points calculated
[Thread: 41118] ==>> Spinning up...
[Thread: 41118] ==>> 0 Points calculated
[Thread: 41087] ==>> 56 Points calculated
[Thread: 41099] ==>> 57 Points calculated
[Thread: 41102] ==>> 26 Points calculated
[Thread: 41094] ==>> 53 Points calculated
[Thread: 41091] ==>> 55 Points calculated
[Thread: 41114] ==>> Spinning up...
[Thread: 41114] ==>> 0 Points calculated
[Thread: 41109] ==>> Spinning up...
[Thread: 41103] ==>> 61 Points calculated
[Thread: 41107] ==>> 20 Points calculated
[Thread: 41111] ==>> 16 Points calculated
[Thread: 41098] ==>> 39 Points calculated
[Thread: 41108] ==>> Spinning up...
[Thread: 41108] ==>> 0 Points calculated
[Thread: 41117] ==>> Spinning up...
[Thread: 41117] ==>> 0 Points calculated
[Thread: 41092] ==>> 41 Points calculated
[Thread: 41106] ==>> Spinning up...
[Thread: 41106] ==>> 0 Points calculated
[Thread: 41115] ==>> 5 Points calculated
[Thread: 41113] ==>> 18 Points calculated
[Thread: 41109] ==>> 0 Points calculated
[Thread: 41096] ==>> 61 Points calculated
[Thread: 41095] ==>> 55 Points calculated
[Thread: 41088] ==>> 62 Points calculated
[Thread: 41104] ==>> 10 Points calculated
[Thread: 41101] ==>> 47 Points calculated
[Thread: 41097] ==>> 54 Points calculated
[Thread: 41090] ==>> 16 Points calculated
[Thread: 41116] ==>> Spinning up...
[Thread: 41116] ==>> 0 Points calculated
[Thread: 41112] ==>> 57 Points calculated
[Thread: 41110] ==>> 19 Points calculated
[Thread: 41093] ==>> 47 Points calculated
[Thread: 41089] ==>> 56 Points calculated
Timer: 0.019936394 sec
====[Computing  Histograms]====
[Bins] ==>> 25 x 25
[XLim] ==>> [0, 3.764]
[YLim] ==>> [2.589, 0.531]
Timer: 5.3511e-05 sec
==[Computing Distance Matrix]==
Timer: 9.42e-07 sec
Distance matrix:
0 
