======[Sampling topology]======
[Volume ]   ==>> Box: 1.500000 1.500000 1.500000
[Npoints]   ==>> 10
[Threads]   ==>> 32
[STEP SIZE] ==>> 0.001
=~=~=~=~[Trajectory 0]=~=~=~=~
====[Initializing threads]====
[Thread: 57677] ==>> Spinning up...
[Thread: 57678] ==>> Spinning up...
[Thread: 57681] ==>> Spinning up...
[Thread: 57682] ==>> Spinning up...
[Thread: 57683] ==>> Spinning up...
[Thread: 57679] ==>> Spinning up...
[Thread: 57684] ==>> Spinning up...
[Thread: 57686] ==>> Spinning up...
[Thread: 57685] ==>> Spinning up...
[Thread: 57689] ==>> Spinning up...
[Thread: 57687] ==>> Spinning up...
[Thread: 57687] ==>> 0 Points calculated
[Thread: 57688] ==>> Spinning up...
[Thread: 57688] ==>> 0 Points calculated
[Thread: 57680] ==>> Spinning up...
[Thread: 57680] ==>> 0 Points calculated
[Thread: 57684] ==>> 1 Points calculated
[Thread: 57690] ==>> Spinning up...
[Thread: 57690] ==>> 0 Points calculated
[Thread: 57692] ==>> Spinning up...
[Thread: 57692] ==>> 0 Points calculated
[Thread: 57694] ==>> Spinning up...
[Thread: 57694] ==>> 0 Points calculated
[Thread: 57696] ==>> Spinning up...
[Thread: 57696] ==>> 0 Points calculated
[Thread: 57698] ==>> Spinning up...
[Thread: 57698] ==>> 0 Points calculated
[Thread: 57699] ==>> Spinning up...
[Thread: 57699] ==>> 0 Points calculated
[Thread: 57701] ==>> Spinning up...
[Thread: 57701] ==>> 0 Points calculated
[Thread: 57702] ==>> Spinning up...
[Thread: 57702] ==>> 0 Points calculated
[Thread: 57704] ==>> Spinning up...
[Thread: 57704] ==>> 0 Points calculated
[Thread: 57706] ==>> Spinning up...
[Thread: 57706] ==>> 0 Points calculated
[Thread: 57707] ==>> Spinning up...
[Thread: 57707] ==>> 0 Points calculated
[Thread: 57691] ==>> Spinning up...
[Thread: 57691] ==>> 0 Points calculated
[Thread: 57695] ==>> Spinning up...
[Thread: 57695] ==>> 0 Points calculated
[Thread: 57700] ==>> Spinning up...
[Thread: 57700] ==>> 0 Points calculated
[Thread: 57705] ==>> Spinning up...
[Thread: 57705] ==>> 0 Points calculated
[Thread: 57693] ==>> Spinning up...
[Thread: 57693] ==>> 0 Points calculated
[Thread: 57703] ==>> Spinning up...
[Thread: 57703] ==>> 0 Points calculated
[Thread: 57697] ==>> Spinning up...
[Thread: 57697] ==>> 0 Points calculated
[Thread: 57708] ==>> Spinning up...
[Thread: 57708] ==>> 0 Points calculated
[Thread: 57679] ==>> 1 Points calculated
[Thread: 57681] ==>> 1 Points calculated
[Thread: 57677] ==>> 1 Points calculated
[Thread: 57689] ==>> 1 Points calculated
[Thread: 57683] ==>> 1 Points calculated
[Thread: 57685] ==>> 1 Points calculated
[Thread: 57682] ==>> 1 Points calculated
[Thread: 57678] ==>> 1 Points calculated
[Thread: 57686] ==>> 1 Points calculated
Timer: 0.06407667 sec
====[Computing  Histograms]====
[Bins] ==>> 25 x 25
[XLim] ==>> [0.12, 2.509]
[YLim] ==>> [2.295, 0.446]
Timer: 4.5816e-05 sec
==[Computing Distance Matrix]==
Timer: 7.92e-07 sec
Distance matrix:
0 
