======[Sampling topology]======
[Volume ]   ==>> Box: 1.500000 1.500000 1.500000
[Npoints]   ==>> 1000
[Threads]   ==>> 32
[STEP SIZE] ==>> 0.1
=~=~=~=~[Trajectory 0]=~=~=~=~
====[Initializing threads]====
[Thread: 55944] ==>> Spinning up...
[Thread: 55947] ==>> Spinning up...
[Thread: 55946] ==>> Spinning up...
[Thread: 55945] ==>> Spinning up...
[Thread: 55948] ==>> Spinning up...
[Thread: 55949] ==>> Spinning up...
[Thread: 55950] ==>> Spinning up...
[Thread: 55951] ==>> Spinning up...
[Thread: 55952] ==>> Spinning up...
[Thread: 55953] ==>> Spinning up...
[Thread: 55954] ==>> Spinning up...
[Thread: 55955] ==>> Spinning up...
[Thread: 55956] ==>> Spinning up...
[Thread: 55957] ==>> Spinning up...
[Thread: 55966] ==>> Spinning up...
[Thread: 55969] ==>> Spinning up...
[Thread: 55972] ==>> Spinning up...
[Thread: 55975] ==>> Spinning up...
[Thread: 55971] ==>> Spinning up...
[Thread: 55974] ==>> Spinning up...
[Thread: 55958] ==>> Spinning up...
[Thread: 55973] ==>> Spinning up...
[Thread: 55965] ==>> Spinning up...
[Thread: 55963] ==>> Spinning up...
[Thread: 55960] ==>> Spinning up...
[Thread: 55968] ==>> Spinning up...
[Thread: 55961] ==>> Spinning up...
[Thread: 55967] ==>> Spinning up...
[Thread: 55962] ==>> Spinning up...
[Thread: 55964] ==>> Spinning up...
[Thread: 55967] ==>> 13 Points calculated
[Thread: 55951] ==>> 49 Points calculated
[Thread: 55960] ==>> 11 Points calculated
[Thread: 55971] ==>> 39 Points calculated
[Thread: 55970] ==>> Spinning up...
[Thread: 55970] ==>> 0 Points calculated
[Thread: 55946] ==>> 35 Points calculated
[Thread: 55948] ==>> 37 Points calculated
[Thread: 55953] ==>> 50 Points calculated
[Thread: 55975] ==>> 23 Points calculated
[Thread: 55969] ==>> 52 Points calculated
[Thread: 55963] ==>> 16 Points calculated
[Thread: 55973] ==>> 16 Points calculated
[Thread: 55954] ==>> 49 Points calculated
[Thread: 55965] ==>> 16 Points calculated
[Thread: 55944] ==>> 58 Points calculated
[Thread: 55974] ==>> 21 Points calculated
[Thread: 55966] ==>> 49 Points calculated
[Thread: 55959] ==>> Spinning up...
[Thread: 55959] ==>> 0 Points calculated
[Thread: 55958] ==>> 16 Points calculated
[Thread: 55957] ==>> 39 Points calculated
[Thread: 55947] ==>> 53 Points calculated
[Thread: 55961] ==>> 10 Points calculated
[Thread: 55964] ==>> 11 Points calculated
[Thread: 55945] ==>> 56 Points calculated
[Thread: 55956] ==>> 44 Points calculated
[Thread: 55962] ==>> 9 Points calculated
[Thread: 55952] ==>> 38 Points calculated
[Thread: 55968] ==>> 11 Points calculated
[Thread: 55949] ==>> 38 Points calculated
[Thread: 55955] ==>> 53 Points calculated
[Thread: 55972] ==>> 50 Points calculated
[Thread: 55950] ==>> 38 Points calculated
Timer: 0.017708443 sec
====[Computing  Histograms]====
[Bins] ==>> 25 x 25
[XLim] ==>> [0, 3.564]
[YLim] ==>> [0.2, 0]
Timer: 6.6104e-05 sec
==[Computing Distance Matrix]==
Timer: 7.41e-07 sec
Distance matrix:
0 
