======[Sampling topology]======
[Volume ]   ==>> Box: 1.500000 1.500000 1.500000
[Npoints]   ==>> 100000
[Threads]   ==>> 16
[STEP SIZE] ==>> 0.001
=~=~=~=~[Trajectory 0]=~=~=~=~
====[Initializing threads]====
[Thread: 24467] ==>> Spinning up...
[Thread: 24468] ==>> Spinning up...
[Thread: 24469] ==>> Spinning up...
[Thread: 24472] ==>> Spinning up...
[Thread: 24470] ==>> Spinning up...
[Thread: 24471] ==>> Spinning up...
[Thread: 24473] ==>> Spinning up...
[Thread: 24475] ==>> Spinning up...
[Thread: 24476] ==>> Spinning up...
[Thread: 24477] ==>> Spinning up...
[Thread: 24478] ==>> Spinning up...
[Thread: 24479] ==>> Spinning up...
[Thread: 24474] ==>> Spinning up...
[Thread: 24480] ==>> Spinning up...
[Thread: 24481] ==>> Spinning up...
[Thread: 24482] ==>> Spinning up...
[Thread: 24479] ==>> 6298 Points calculated
[Thread: 24469] ==>> 6099 Points calculated
[Thread: 24481] ==>> 6319 Points calculated
[Thread: 24475] ==>> 6262 Points calculated
[Thread: 24482] ==>> 6253 Points calculated
[Thread: 24473] ==>> 6267 Points calculated
[Thread: 24480] ==>> 6217 Points calculated
[Thread: 24478] ==>> 6311 Points calculated
[Thread: 24477] ==>> 6186 Points calculated
[Thread: 24467] ==>> 6255 Points calculated
[Thread: 24474] ==>> 6229 Points calculated
[Thread: 24472] ==>> 6261 Points calculated
[Thread: 24468] ==>> 6266 Points calculated
[Thread: 24470] ==>> 6306 Points calculated
[Thread: 24476] ==>> 6265 Points calculated
[Thread: 24471] ==>> 6206 Points calculated
Timer: 140.62178 sec
====[Computing  Histograms]====
[Bins] ==>> 25 x 25
[XLim] ==>> [0, 3.87]
[YLim] ==>> [0.021, 0.065]
Timer: 0.002373313 sec
==[Computing Distance Matrix]==
Timer: 2.435e-06 sec
Distance matrix:
0 
