======[Sampling topology]======
[Volume ]   ==>> Box: 1.500000 1.500000 1.500000
[Npoints]   ==>> 10000
[Threads]   ==>> 32
[STEP SIZE] ==>> 0.01
=~=~=~=~[Trajectory 0]=~=~=~=~
====[Initializing threads]====
[Thread: 23824] ==>> Spinning up...
[Thread: 23825] ==>> Spinning up...
[Thread: 23826] ==>> Spinning up...
[Thread: 23827] ==>> Spinning up...
[Thread: 23828] ==>> Spinning up...
[Thread: 23829] ==>> Spinning up...
[Thread: 23830] ==>> Spinning up...
[Thread: 23831] ==>> Spinning up...
[Thread: 23832] ==>> Spinning up...
[Thread: 23833] ==>> Spinning up...
[Thread: 23834] ==>> Spinning up...
[Thread: 23839] ==>> Spinning up...
[Thread: 23840] ==>> Spinning up...
[Thread: 23841] ==>> Spinning up...
[Thread: 23842] ==>> Spinning up...
[Thread: 23835] ==>> Spinning up...
[Thread: 23836] ==>> Spinning up...
[Thread: 23837] ==>> Spinning up...
[Thread: 23838] ==>> Spinning up...
[Thread: 23843] ==>> Spinning up...
[Thread: 23844] ==>> Spinning up...
[Thread: 23845] ==>> Spinning up...
[Thread: 23848] ==>> Spinning up...
[Thread: 23852] ==>> Spinning up...
[Thread: 23847] ==>> Spinning up...
[Thread: 23855] ==>> Spinning up...
[Thread: 23846] ==>> Spinning up...
[Thread: 23854] ==>> Spinning up...
[Thread: 23850] ==>> Spinning up...
[Thread: 23853] ==>> Spinning up...
[Thread: 23849] ==>> Spinning up...
[Thread: 23851] ==>> Spinning up...
[Thread: 23842] ==>> 308 Points calculated
[Thread: 23846] ==>> 326 Points calculated
[Thread: 23837] ==>> 323 Points calculated
[Thread: 23847] ==>> 304 Points calculated
[Thread: 23825] ==>> 305 Points calculated
[Thread: 23849] ==>> 314 Points calculated
[Thread: 23840] ==>> 287 Points calculated
[Thread: 23843] ==>> 302 Points calculated
[Thread: 23827] ==>> 358 Points calculated
[Thread: 23828] ==>> 299 Points calculated
[Thread: 23835] ==>> 320 Points calculated
[Thread: 23829] ==>> 320 Points calculated
[Thread: 23833] ==>> 298 Points calculated
[Thread: 23855] ==>> 293 Points calculated
[Thread: 23854] ==>> 291 Points calculated
[Thread: 23830] ==>> 334 Points calculated
[Thread: 23841] ==>> 310 Points calculated
[Thread: 23853] ==>> 336 Points calculated
[Thread: 23839] ==>> 316 Points calculated
[Thread: 23836] ==>> 311 Points calculated
[Thread: 23826] ==>> 328 Points calculated
[Thread: 23831] ==>> 299 Points calculated
[Thread: 23852] ==>> 293 Points calculated
[Thread: 23845] ==>> 291 Points calculated
[Thread: 23832] ==>> 308 Points calculated
[Thread: 23844] ==>> 327 Points calculated
[Thread: 23851] ==>> 298 Points calculated
[Thread: 23848] ==>> 340 Points calculated
[Thread: 23834] ==>> 318 Points calculated
[Thread: 23838] ==>> 332 Points calculated
[Thread: 23850] ==>> 282 Points calculated
[Thread: 23824] ==>> 329 Points calculated
Timer: 0.7485101 sec
====[Computing  Histograms]====
[Bins] ==>> 25 x 25
[XLim] ==>> [0, 3.748]
[YLim] ==>> [0.06, 0.212]
Timer: 0.000278392 sec
==[Computing Distance Matrix]==
Timer: 3.487e-06 sec
Distance matrix:
0 
