======[Sampling topology]======
[Volume ]   ==>> Box: 1.500000 1.500000 1.500000
[Npoints]   ==>> 10000
[Threads]   ==>> 64
[STEP SIZE] ==>> 0.001
=~=~=~=~[Trajectory 0]=~=~=~=~
====[Initializing threads]====
[Thread: 60723] ==>> Spinning up...
[Thread: 60725] ==>> Spinning up...
[Thread: 60726] ==>> Spinning up...
[Thread: 60727] ==>> Spinning up...
[Thread: 60728] ==>> Spinning up...
[Thread: 60729] ==>> Spinning up...
[Thread: 60730] ==>> Spinning up...
[Thread: 60731] ==>> Spinning up...
[Thread: 60732] ==>> Spinning up...
[Thread: 60733] ==>> Spinning up...
[Thread: 60734] ==>> Spinning up...
[Thread: 60739] ==>> Spinning up...
[Thread: 60742] ==>> Spinning up...
[Thread: 60743] ==>> Spinning up...
[Thread: 60744] ==>> Spinning up...
[Thread: 60746] ==>> Spinning up...
[Thread: 60747] ==>> Spinning up...
[Thread: 60745] ==>> Spinning up...
[Thread: 60748] ==>> Spinning up...
[Thread: 60738] ==>> Spinning up...
[Thread: 60735] ==>> Spinning up...
[Thread: 60737] ==>> Spinning up...
[Thread: 60740] ==>> Spinning up...
[Thread: 60749] ==>> Spinning up...
[Thread: 60750] ==>> Spinning up...
[Thread: 60751] ==>> Spinning up...
[Thread: 60753] ==>> Spinning up...
[Thread: 60758] ==>> Spinning up...
[Thread: 60759] ==>> Spinning up...
[Thread: 60762] ==>> Spinning up...
[Thread: 60764] ==>> Spinning up...
[Thread: 60755] ==>> Spinning up...
[Thread: 60763] ==>> Spinning up...
[Thread: 60761] ==>> Spinning up...
[Thread: 60770] ==>> Spinning up...
[Thread: 60771] ==>> Spinning up...
[Thread: 60772] ==>> Spinning up...
[Thread: 60765] ==>> Spinning up...
[Thread: 60786] ==>> Spinning up...
[Thread: 60773] ==>> Spinning up...
[Thread: 60757] ==>> Spinning up...
[Thread: 60760] ==>> Spinning up...
[Thread: 60790] ==>> Spinning up...
[Thread: 60766] ==>> Spinning up...
[Thread: 60782] ==>> Spinning up...
[Thread: 60774] ==>> Spinning up...
[Thread: 60783] ==>> Spinning up...
[Thread: 60754] ==>> Spinning up...
[Thread: 60768] ==>> Spinning up...
[Thread: 60775] ==>> Spinning up...
[Thread: 60791] ==>> Spinning up...
[Thread: 60784] ==>> Spinning up...
[Thread: 60776] ==>> Spinning up...
[Thread: 60752] ==>> Spinning up...
[Thread: 60788] ==>> Spinning up...
[Thread: 60785] ==>> Spinning up...
[Thread: 60769] ==>> Spinning up...
[Thread: 60781] ==>> Spinning up...
[Thread: 60779] ==>> Spinning up...
[Thread: 60778] ==>> Spinning up...
[Thread: 60777] ==>> Spinning up...
[Thread: 60787] ==>> Spinning up...
[Thread: 60756] ==>> Spinning up...
[Thread: 60789] ==>> Spinning up...
[Thread: 60765] ==>> 143 Points calculated
[Thread: 60769] ==>> 141 Points calculated
[Thread: 60756] ==>> 166 Points calculated
[Thread: 60759] ==>> 182 Points calculated
[Thread: 60791] ==>> 164 Points calculated
[Thread: 60723] ==>> 165 Points calculated
[Thread: 60789] ==>> 148 Points calculated
[Thread: 60733] ==>> 142 Points calculated
[Thread: 60749] ==>> 149 Points calculated
[Thread: 60746] ==>> 144 Points calculated
[Thread: 60790] ==>> 139 Points calculated
[Thread: 60729] ==>> 157 Points calculated
[Thread: 60740] ==>> 153 Points calculated
[Thread: 60734] ==>> 160 Points calculated
[Thread: 60745] ==>> 169 Points calculated
[Thread: 60786] ==>> 160 Points calculated
[Thread: 60752] ==>> 166 Points calculated
[Thread: 60781] ==>> 141 Points calculated
[Thread: 60771] ==>> 159 Points calculated
[Thread: 60760] ==>> 145 Points calculated
[Thread: 60726] ==>> 161 Points calculated
[Thread: 60730] ==>> 169 Points calculated
[Thread: 60742] ==>> 168 Points calculated
[Thread: 60753] ==>> 168 Points calculated
[Thread: 60735] ==>> 158 Points calculated
[Thread: 60732] ==>> 160 Points calculated
[Thread: 60763] ==>> 147 Points calculated
[Thread: 60744] ==>> 150 Points calculated
[Thread: 60761] ==>> 163 Points calculated
[Thread: 60755] ==>> 161 Points calculated
[Thread: 60779] ==>> 147 Points calculated
[Thread: 60758] ==>> 157 Points calculated
[Thread: 60784] ==>> 158 Points calculated
[Thread: 60768] ==>> 131 Points calculated
[Thread: 60787] ==>> 161 Points calculated
[Thread: 60728] ==>> 152 Points calculated
[Thread: 60785] ==>> 164 Points calculated
[Thread: 60727] ==>> 159 Points calculated
[Thread: 60737] ==>> 154 Points calculated
[Thread: 60772] ==>> 150 Points calculated
[Thread: 60778] ==>> 166 Points calculated
[Thread: 60739] ==>> 142 Points calculated
[Thread: 60757] ==>> 161 Points calculated
[Thread: 60764] ==>> 161 Points calculated
[Thread: 60773] ==>> 134 Points calculated
[Thread: 60782] ==>> 145 Points calculated
[Thread: 60731] ==>> 167 Points calculated
[Thread: 60748] ==>> 165 Points calculated
[Thread: 60777] ==>> 148 Points calculated
[Thread: 60747] ==>> 163 Points calculated
[Thread: 60743] ==>> 149 Points calculated
[Thread: 60725] ==>> 148 Points calculated
[Thread: 60738] ==>> 190 Points calculated
[Thread: 60788] ==>> 163 Points calculated
[Thread: 60766] ==>> 153 Points calculated
[Thread: 60762] ==>> 160 Points calculated
[Thread: 60783] ==>> 154 Points calculated
[Thread: 60750] ==>> 160 Points calculated
[Thread: 60774] ==>> 152 Points calculated
[Thread: 60770] ==>> 156 Points calculated
[Thread: 60775] ==>> 159 Points calculated
[Thread: 60751] ==>> 165 Points calculated
[Thread: 60754] ==>> 162 Points calculated
[Thread: 60776] ==>> 146 Points calculated
Timer: 3.8021867 sec
====[Computing  Histograms]====
[Bins] ==>> 25 x 25
[XLim] ==>> [0, 3.693]
[YLim] ==>> [2.935, 0.158]
Timer: 0.000271339 sec
==[Computing Distance Matrix]==
Timer: 8.71e-07 sec
Distance matrix:
0 
