======[Sampling topology]======
[Volume ]   ==>> Box: 1.500000 1.500000 1.500000
[Npoints]   ==>> 1000
[Threads]   ==>> 32
[STEP SIZE] ==>> 0.001
=~=~=~=~[Trajectory 0]=~=~=~=~
====[Initializing threads]====
[Thread: 52484] ==>> Spinning up...
[Thread: 52485] ==>> Spinning up...
[Thread: 52486] ==>> Spinning up...
[Thread: 52487] ==>> Spinning up...
[Thread: 52488] ==>> Spinning up...
[Thread: 52489] ==>> Spinning up...
[Thread: 52490] ==>> Spinning up...
[Thread: 52491] ==>> Spinning up...
[Thread: 52492] ==>> Spinning up...
[Thread: 52495] ==>> Spinning up...
[Thread: 52497] ==>> Spinning up...
[Thread: 52499] ==>> Spinning up...
[Thread: 52501] ==>> Spinning up...
[Thread: 52494] ==>> Spinning up...
[Thread: 52504] ==>> Spinning up...
[Thread: 52502] ==>> Spinning up...
[Thread: 52505] ==>> Spinning up...
[Thread: 52500] ==>> Spinning up...
[Thread: 52508] ==>> Spinning up...
[Thread: 52496] ==>> Spinning up...
[Thread: 52506] ==>> Spinning up...
[Thread: 52503] ==>> Spinning up...
[Thread: 52510] ==>> Spinning up...
[Thread: 52493] ==>> Spinning up...
[Thread: 52498] ==>> Spinning up...
[Thread: 52507] ==>> Spinning up...
[Thread: 52514] ==>> Spinning up...
[Thread: 52515] ==>> Spinning up...
[Thread: 52511] ==>> Spinning up...
[Thread: 52512] ==>> Spinning up...
[Thread: 52509] ==>> Spinning up...
[Thread: 52513] ==>> Spinning up...
[Thread: 52487] ==>> 32 Points calculated
[Thread: 52500] ==>> 37 Points calculated
[Thread: 52491] ==>> 27 Points calculated
[Thread: 52511] ==>> 30 Points calculated
[Thread: 52509] ==>> 31 Points calculated
[Thread: 52505] ==>> 28 Points calculated
[Thread: 52486] ==>> 35 Points calculated
[Thread: 52515] ==>> 29 Points calculated
[Thread: 52495] ==>> 25 Points calculated
[Thread: 52507] ==>> 32 Points calculated
[Thread: 52504] ==>> 32 Points calculated
[Thread: 52499] ==>> 24 Points calculated
[Thread: 52484] ==>> 31 Points calculated
[Thread: 52492] ==>> 32 Points calculated
[Thread: 52501] ==>> 30 Points calculated
[Thread: 52490] ==>> 35 Points calculated
[Thread: 52489] ==>> 39 Points calculated
[Thread: 52512] ==>> 31 Points calculated
[Thread: 52488] ==>> 36 Points calculated
[Thread: 52497] ==>> 33 Points calculated
[Thread: 52514] ==>> 31 Points calculated
[Thread: 52494] ==>> 24 Points calculated
[Thread: 52510] ==>> 32 Points calculated
[Thread: 52508] ==>> 30 Points calculated
[Thread: 52493] ==>> 25 Points calculated
[Thread: 52506] ==>> 35 Points calculated
[Thread: 52513] ==>> 34 Points calculated
[Thread: 52502] ==>> 40 Points calculated
[Thread: 52503] ==>> 27 Points calculated
[Thread: 52498] ==>> 26 Points calculated
[Thread: 52496] ==>> 33 Points calculated
[Thread: 52485] ==>> 34 Points calculated
Timer: 0.80611396 sec
====[Computing  Histograms]====
[Bins] ==>> 25 x 25
[XLim] ==>> [0.004, 3.558]
[YLim] ==>> [3.085, 0.976]
Timer: 5.861e-05 sec
==[Computing Distance Matrix]==
Timer: 1.042e-06 sec
Distance matrix:
0 
