======[Sampling topology]======
[Volume ]   ==>> Box: 1.500000 1.500000 1.500000
[Npoints]   ==>> 100
[Threads]   ==>> 32
[STEP SIZE] ==>> 0.1
=~=~=~=~[Trajectory 0]=~=~=~=~
====[Initializing threads]====
[Thread: 96087] ==>> Spinning up...
[Thread: 96088] ==>> Spinning up...
[Thread: 96089] ==>> Spinning up...
[Thread: 96093] ==>> Spinning up...
[Thread: 96091] ==>> Spinning up...
[Thread: 96095] ==>> Spinning up...
[Thread: 96096] ==>> Spinning up...
[Thread: 96094] ==>> Spinning up...
[Thread: 96092] ==>> Spinning up...
[Thread: 96090] ==>> Spinning up...
[Thread: 96097] ==>> Spinning up...
[Thread: 96098] ==>> Spinning up...
[Thread: 96099] ==>> Spinning up...
[Thread: 96101] ==>> Spinning up...
[Thread: 96102] ==>> Spinning up...
[Thread: 96103] ==>> Spinning up...
[Thread: 96100] ==>> Spinning up...
[Thread: 96105] ==>> Spinning up...
[Thread: 96107] ==>> Spinning up...
[Thread: 96112] ==>> Spinning up...
[Thread: 96113] ==>> Spinning up...
[Thread: 96118] ==>> Spinning up...
[Thread: 96091] ==>> 3 Points calculated
[Thread: 96110] ==>> Spinning up...
[Thread: 96110] ==>> 0 Points calculated
[Thread: 96118] ==>> 2 Points calculated
[Thread: 96090] ==>> 2 Points calculated
[Thread: 96102] ==>> 6 Points calculated
[Thread: 96111] ==>> Spinning up...
[Thread: 96108] ==>> Spinning up...
[Thread: 96108] ==>> 0 Points calculated
[Thread: 96092] ==>> 4 Points calculated
[Thread: 96114] ==>> Spinning up...
[Thread: 96095] ==>> 6 Points calculated
[Thread: 96115] ==>> Spinning up...
[Thread: 96113] ==>> 3 Points calculated
[Thread: 96106] ==>> Spinning up...
[Thread: 96106] ==>> 0 Points calculated
[Thread: 96101] ==>> 4 Points calculated
[Thread: 96109] ==>> Spinning up...
[Thread: 96112] ==>> 4 Points calculated
[Thread: 96116] ==>> Spinning up...
[Thread: 96116] ==>> 0 Points calculated
[Thread: 96107] ==>> 4 Points calculated
[Thread: 96088] ==>> 4 Points calculated
[Thread: 96115] ==>> 0 Points calculated
[Thread: 96093] ==>> 8 Points calculated
[Thread: 96100] ==>> 4 Points calculated
[Thread: 96099] ==>> 6 Points calculated
[Thread: 96096] ==>> 4 Points calculated
[Thread: 96105] ==>> 4 Points calculated
[Thread: 96117] ==>> Spinning up...
[Thread: 96117] ==>> 0 Points calculated
[Thread: 96111] ==>> 0 Points calculated
[Thread: 96109] ==>> 0 Points calculated
[Thread: 96114] ==>> 0 Points calculated
[Thread: 96104] ==>> Spinning up...
[Thread: 96104] ==>> 0 Points calculated
[Thread: 96094] ==>> 5 Points calculated
[Thread: 96103] ==>> 4 Points calculated
[Thread: 96097] ==>> 4 Points calculated
[Thread: 96087] ==>> 6 Points calculated
[Thread: 96089] ==>> 8 Points calculated
[Thread: 96098] ==>> 5 Points calculated
Timer: 0.002936261 sec
====[Computing  Histograms]====
[Bins] ==>> 25 x 25
[XLim] ==>> [0, 2.915]
[YLim] ==>> [0, 0.579]
Timer: 5.5454e-05 sec
==[Computing Distance Matrix]==
Timer: 1.603e-06 sec
Distance matrix:
0 
