======[Sampling topology]======
[Volume ]   ==>> Box: 1.500000 1.500000 1.500000
[Npoints]   ==>> 10
[Threads]   ==>> 32
[STEP SIZE] ==>> 0.001
=~=~=~=~[Trajectory 0]=~=~=~=~
====[Initializing threads]====
[Thread: 42821] ==>> Spinning up...
[Thread: 42823] ==>> Spinning up...
[Thread: 42822] ==>> Spinning up...
[Thread: 42829] ==>> Spinning up...
[Thread: 42825] ==>> Spinning up...
[Thread: 42826] ==>> Spinning up...
[Thread: 42834] ==>> Spinning up...
[Thread: 42835] ==>> Spinning up...
[Thread: 42830] ==>> Spinning up...
[Thread: 42831] ==>> Spinning up...
[Thread: 42828] ==>> Spinning up...
[Thread: 42828] ==>> 0 Points calculated
[Thread: 42824] ==>> Spinning up...
[Thread: 42824] ==>> 0 Points calculated
[Thread: 42845] ==>> Spinning up...
[Thread: 42846] ==>> Spinning up...
[Thread: 42846] ==>> 0 Points calculated
[Thread: 42845] ==>> 0 Points calculated
[Thread: 42833] ==>> Spinning up...
[Thread: 42833] ==>> 0 Points calculated
[Thread: 42847] ==>> Spinning up...
[Thread: 42847] ==>> 0 Points calculated
[Thread: 42848] ==>> Spinning up...
[Thread: 42849] ==>> Spinning up...
[Thread: 42849] ==>> 0 Points calculated
[Thread: 42848] ==>> 0 Points calculated
[Thread: 42841] ==>> Spinning up...
[Thread: 42841] ==>> 0 Points calculated
[Thread: 42850] ==>> Spinning up...
[Thread: 42850] ==>> 0 Points calculated
[Thread: 42851] ==>> Spinning up...
[Thread: 42851] ==>> 0 Points calculated
[Thread: 42852] ==>> Spinning up...
[Thread: 42852] ==>> 0 Points calculated
[Thread: 42831] ==>> 1 Points calculated
[Thread: 42827] ==>> Spinning up...
[Thread: 42827] ==>> 0 Points calculated
[Thread: 42836] ==>> Spinning up...
[Thread: 42836] ==>> 0 Points calculated
[Thread: 42837] ==>> Spinning up...
[Thread: 42837] ==>> 0 Points calculated
[Thread: 42838] ==>> Spinning up...
[Thread: 42838] ==>> 0 Points calculated
[Thread: 42839] ==>> Spinning up...
[Thread: 42839] ==>> 0 Points calculated
[Thread: 42840] ==>> Spinning up...
[Thread: 42840] ==>> 0 Points calculated
[Thread: 42842] ==>> Spinning up...
[Thread: 42842] ==>> 0 Points calculated
[Thread: 42843] ==>> Spinning up...
[Thread: 42843] ==>> 0 Points calculated
[Thread: 42844] ==>> Spinning up...
[Thread: 42844] ==>> 0 Points calculated
[Thread: 42830] ==>> 1 Points calculated
[Thread: 42832] ==>> Spinning up...
[Thread: 42832] ==>> 0 Points calculated
[Thread: 42826] ==>> 1 Points calculated
[Thread: 42823] ==>> 1 Points calculated
[Thread: 42821] ==>> 1 Points calculated
[Thread: 42834] ==>> 1 Points calculated
[Thread: 42825] ==>> 1 Points calculated
[Thread: 42829] ==>> 1 Points calculated
[Thread: 42822] ==>> 1 Points calculated
[Thread: 42835] ==>> 1 Points calculated
Timer: 0.04040177 sec
====[Computing  Histograms]====
[Bins] ==>> 25 x 25
[XLim] ==>> [0.074, 1.626]
[YLim] ==>> [0.591, 0.539]
Timer: 3.9505e-05 sec
==[Computing Distance Matrix]==
Timer: 7.02e-07 sec
Distance matrix:
0 
