
CommandNotFoundError: Your shell has not been properly configured to use 'conda activate'.
To initialize your shell, run

    $ conda init <SHELL_NAME>

Currently supported shells are:
  - bash
  - fish
  - tcsh
  - xonsh
  - zsh
  - powershell

See 'conda init --help' for more information and options.

IMPORTANT: You may need to close and restart your shell after running 'conda init'.


... > Initialized Topo_calc!
... > Computing Topo!
Number of samples: 10000
Number of charges: 18882
Step size: 0.001
slurmstepd: error: *** JOB 20519354 ON r389 CANCELLED AT 2023-11-20T05:10:22 ***
