======[Sampling topology]======
[Volume ]   ==>> Box: 1.500000 1.500000 1.500000
[Npoints]   ==>> 100000
[Threads]   ==>> 1
[STEP SIZE] ==>> 0.001
=~=~=~=~[Trajectory 0]=~=~=~=~
100000 Points calculated
Timer: 12182.8 sec
====[Computing  Histograms]====
[Bins] ==>> 25 x 25
[XLim] ==>> [0, 3.673]
[YLim] ==>> [2.407, 0.004]
Timer: 0.002833689 sec
==[Computing Distance Matrix]==
Timer: 1.082e-06 sec
Distance matrix:
0 
