======[Sampling topology]======
[Volume ]   ==>> Box: 1.500000 1.500000 1.500000
[Npoints]   ==>> 10
[Threads]   ==>> 32
[STEP SIZE] ==>> 0.1
=~=~=~=~[Trajectory 0]=~=~=~=~
====[Initializing threads]====
[Thread: 84581] ==>> Spinning up...
[Thread: 84582] ==>> Spinning up...
[Thread: 84583] ==>> Spinning up...
[Thread: 84584] ==>> Spinning up...
[Thread: 84585] ==>> Spinning up...
[Thread: 84586] ==>> Spinning up...
[Thread: 84588] ==>> Spinning up...
[Thread: 84587] ==>> Spinning up...
[Thread: 84590] ==>> Spinning up...
[Thread: 84589] ==>> Spinning up...
[Thread: 84592] ==>> Spinning up...
[Thread: 84592] ==>> 0 Points calculated
[Thread: 84594] ==>> Spinning up...
[Thread: 84584] ==>> 1 Points calculated
[Thread: 84593] ==>> Spinning up...
[Thread: 84583] ==>> 1 Points calculated
[Thread: 84589] ==>> 0 Points calculated
[Thread: 84595] ==>> Spinning up...
[Thread: 84595] ==>> 0 Points calculated
[Thread: 84594] ==>> 0 Points calculated
[Thread: 84591] ==>> Spinning up...
[Thread: 84591] ==>> 0 Points calculated
[Thread: 84601] ==>> Spinning up...
[Thread: 84582] ==>> 1 Points calculated
[Thread: 84602] ==>> Spinning up...
[Thread: 84602] ==>> 0 Points calculated
[Thread: 84586] ==>> 1 Points calculated
[Thread: 84599] ==>> Spinning up...
[Thread: 84599] ==>> 0 Points calculated
[Thread: 84600] ==>> Spinning up...
[Thread: 84600] ==>> 0 Points calculated
[Thread: 84607] ==>> Spinning up...
[Thread: 84607] ==>> 0 Points calculated
[Thread: 84581] ==>> 3 Points calculated
[Thread: 84585] ==>> 1 Points calculated
[Thread: 84603] ==>> Spinning up...
[Thread: 84603] ==>> 0 Points calculated
[Thread: 84588] ==>> 1 Points calculated
[Thread: 84611] ==>> Spinning up...
[Thread: 84611] ==>> 0 Points calculated
[Thread: 84590] ==>> 0 Points calculated
[Thread: 84596] ==>> Spinning up...
[Thread: 84596] ==>> 0 Points calculated
[Thread: 84613] ==>> Spinning up...
[Thread: 84613] ==>> 0 Points calculated
[Thread: 84608] ==>> Spinning up...
[Thread: 84608] ==>> 0 Points calculated
[Thread: 84609] ==>> Spinning up...
[Thread: 84609] ==>> 0 Points calculated
[Thread: 84593] ==>> 0 Points calculated
[Thread: 84587] ==>> 1 Points calculated
[Thread: 84604] ==>> Spinning up...
[Thread: 84604] ==>> 0 Points calculated
[Thread: 84606] ==>> Spinning up...
[Thread: 84606] ==>> 0 Points calculated
[Thread: 84598] ==>> Spinning up...
[Thread: 84598] ==>> 0 Points calculated
[Thread: 84610] ==>> Spinning up...
[Thread: 84610] ==>> 0 Points calculated
[Thread: 84597] ==>> Spinning up...
[Thread: 84597] ==>> 0 Points calculated
[Thread: 84612] ==>> Spinning up...
[Thread: 84612] ==>> 0 Points calculated
[Thread: 84601] ==>> 0 Points calculated
Timer: 0.00208076 sec
====[Computing  Histograms]====
[Bins] ==>> 25 x 25
[XLim] ==>> [0.3, 1.585]
[YLim] ==>> [0.897, 0.496]
Timer: 4.1348e-05 sec
==[Computing Distance Matrix]==
Timer: 1.212e-06 sec
Distance matrix:
0 
