======[Sampling topology]======
[Volume ]   ==>> Box: 1.500000 1.500000 1.500000
[Npoints]   ==>> 10000
[Threads]   ==>> 64
[STEP SIZE] ==>> 0.001
=~=~=~=~[Trajectory 0]=~=~=~=~
====[Initializing threads]====
[Thread: 16742] ==>> Spinning up...
[Thread: 16744] ==>> Spinning up...
[Thread: 16743] ==>> Spinning up...
[Thread: 16745] ==>> Spinning up...
[Thread: 16746] ==>> Spinning up...
[Thread: 16747] ==>> Spinning up...
[Thread: 16748] ==>> Spinning up...
[Thread: 16749] ==>> Spinning up...
[Thread: 16750] ==>> Spinning up...
[Thread: 16751] ==>> Spinning up...
[Thread: 16752] ==>> Spinning up...
[Thread: 16753] ==>> Spinning up...
[Thread: 16754] ==>> Spinning up...
[Thread: 16755] ==>> Spinning up...
[Thread: 16756] ==>> Spinning up...
[Thread: 16757] ==>> Spinning up...
[Thread: 16758] ==>> Spinning up...
[Thread: 16764] ==>> Spinning up...
[Thread: 16766] ==>> Spinning up...
[Thread: 16769] ==>> Spinning up...
[Thread: 16770] ==>> Spinning up...
[Thread: 16778] ==>> Spinning up...
[Thread: 16789] ==>> Spinning up...
[Thread: 16802] ==>> Spinning up...
[Thread: 16790] ==>> Spinning up...
[Thread: 16803] ==>> Spinning up...
[Thread: 16771] ==>> Spinning up...
[Thread: 16768] ==>> Spinning up...
[Thread: 16780] ==>> Spinning up...
[Thread: 16786] ==>> Spinning up...
[Thread: 16791] ==>> Spinning up...
[Thread: 16772] ==>> Spinning up...
[Thread: 16781] ==>> Spinning up...
[Thread: 16787] ==>> Spinning up...
[Thread: 16799] ==>> Spinning up...
[Thread: 16792] ==>> Spinning up...
[Thread: 16782] ==>> Spinning up...
[Thread: 16773] ==>> Spinning up...
[Thread: 16796] ==>> Spinning up...
[Thread: 16788] ==>> Spinning up...
[Thread: 16765] ==>> Spinning up...
[Thread: 16761] ==>> Spinning up...
[Thread: 16763] ==>> Spinning up...
[Thread: 16762] ==>> Spinning up...
[Thread: 16767] ==>> Spinning up...
[Thread: 16783] ==>> Spinning up...
[Thread: 16798] ==>> Spinning up...
[Thread: 16775] ==>> Spinning up...
[Thread: 16784] ==>> Spinning up...
[Thread: 16797] ==>> Spinning up...
[Thread: 16793] ==>> Spinning up...
[Thread: 16794] ==>> Spinning up...
[Thread: 16759] ==>> Spinning up...
[Thread: 16800] ==>> Spinning up...
[Thread: 16776] ==>> Spinning up...
[Thread: 16795] ==>> Spinning up...
[Thread: 16801] ==>> Spinning up...
[Thread: 16785] ==>> Spinning up...
[Thread: 16804] ==>> Spinning up...
[Thread: 16777] ==>> Spinning up...
[Thread: 16805] ==>> Spinning up...
[Thread: 16774] ==>> Spinning up...
[Thread: 16779] ==>> Spinning up...
[Thread: 16760] ==>> Spinning up...
[Thread: 16768] ==>> 153 Points calculated
[Thread: 16789] ==>> 174 Points calculated
[Thread: 16774] ==>> 159 Points calculated
[Thread: 16793] ==>> 154 Points calculated
[Thread: 16762] ==>> 156 Points calculated
[Thread: 16759] ==>> 163 Points calculated
[Thread: 16742] ==>> 153 Points calculated
[Thread: 16804] ==>> 158 Points calculated
[Thread: 16783] ==>> 158 Points calculated
[Thread: 16786] ==>> 151 Points calculated
[Thread: 16747] ==>> 154 Points calculated
[Thread: 16752] ==>> 142 Points calculated
[Thread: 16758] ==>> 152 Points calculated
[Thread: 16798] ==>> 164 Points calculated
[Thread: 16784] ==>> 161 Points calculated
[Thread: 16777] ==>> 160 Points calculated
[Thread: 16800] ==>> 146 Points calculated
[Thread: 16796] ==>> 171 Points calculated
[Thread: 16743] ==>> 137 Points calculated
[Thread: 16753] ==>> 162 Points calculated
[Thread: 16744] ==>> 158 Points calculated
[Thread: 16749] ==>> 170 Points calculated
[Thread: 16802] ==>> 159 Points calculated
[Thread: 16782] ==>> 141 Points calculated
[Thread: 16791] ==>> 149 Points calculated
[Thread: 16790] ==>> 176 Points calculated
[Thread: 16757] ==>> 152 Points calculated
[Thread: 16746] ==>> 141 Points calculated
[Thread: 16801] ==>> 150 Points calculated
[Thread: 16780] ==>> 134 Points calculated
[Thread: 16776] ==>> 171 Points calculated
[Thread: 16751] ==>> 160 Points calculated
[Thread: 16773] ==>> 171 Points calculated
[Thread: 16767] ==>> 153 Points calculated
[Thread: 16779] ==>> 149 Points calculated
[Thread: 16778] ==>> 155 Points calculated
[Thread: 16785] ==>> 164 Points calculated
[Thread: 16772] ==>> 155 Points calculated
[Thread: 16805] ==>> 144 Points calculated
[Thread: 16803] ==>> 160 Points calculated
[Thread: 16795] ==>> 133 Points calculated
[Thread: 16745] ==>> 149 Points calculated
[Thread: 16750] ==>> 172 Points calculated
[Thread: 16755] ==>> 163 Points calculated
[Thread: 16792] ==>> 161 Points calculated
[Thread: 16763] ==>> 168 Points calculated
[Thread: 16794] ==>> 152 Points calculated
[Thread: 16754] ==>> 159 Points calculated
[Thread: 16788] ==>> 159 Points calculated
[Thread: 16748] ==>> 149 Points calculated
[Thread: 16765] ==>> 158 Points calculated
[Thread: 16766] ==>> 164 Points calculated
[Thread: 16756] ==>> 148 Points calculated
[Thread: 16764] ==>> 168 Points calculated
[Thread: 16781] ==>> 147 Points calculated
[Thread: 16799] ==>> 156 Points calculated
[Thread: 16769] ==>> 152 Points calculated
[Thread: 16761] ==>> 163 Points calculated
[Thread: 16787] ==>> 156 Points calculated
[Thread: 16771] ==>> 158 Points calculated
[Thread: 16760] ==>> 152 Points calculated
[Thread: 16797] ==>> 143 Points calculated
[Thread: 16775] ==>> 173 Points calculated
[Thread: 16770] ==>> 157 Points calculated
Timer: 18.795504 sec
====[Computing  Histograms]====
[Bins] ==>> 25 x 25
[XLim] ==>> [0, 3.487]
[YLim] ==>> [0.23, 0.049]
Timer: 0.000291097 sec
==[Computing Distance Matrix]==
Timer: 8.82e-07 sec
Distance matrix:
0 
