======[Sampling topology]======
[Volume ]   ==>> Box: 1.500000 1.500000 1.500000
[Npoints]   ==>> 100
[Threads]   ==>> 32
[STEP SIZE] ==>> 0.1
=~=~=~=~[Trajectory 0]=~=~=~=~
====[Initializing threads]====
[Thread: 89371] ==>> Spinning up...
[Thread: 89375] ==>> Spinning up...
[Thread: 89373] ==>> Spinning up...
[Thread: 89374] ==>> Spinning up...
[Thread: 89372] ==>> Spinning up...
[Thread: 89376] ==>> Spinning up...
[Thread: 89393] ==>> Spinning up...
[Thread: 89394] ==>> Spinning up...
[Thread: 89377] ==>> Spinning up...
[Thread: 89397] ==>> Spinning up...
[Thread: 89395] ==>> Spinning up...
[Thread: 89377] ==>> 5 Points calculated
[Thread: 89395] ==>> 5 Points calculated
[Thread: 89398] ==>> Spinning up...
[Thread: 89397] ==>> 6 Points calculated
[Thread: 89402] ==>> Spinning up...
[Thread: 89401] ==>> Spinning up...
[Thread: 89384] ==>> Spinning up...
[Thread: 89396] ==>> Spinning up...
[Thread: 89389] ==>> Spinning up...
[Thread: 89389] ==>> 0 Points calculated
[Thread: 89378] ==>> Spinning up...
[Thread: 89378] ==>> 0 Points calculated
[Thread: 89375] ==>> 13 Points calculated
[Thread: 89386] ==>> Spinning up...
[Thread: 89386] ==>> 0 Points calculated
[Thread: 89400] ==>> Spinning up...
[Thread: 89400] ==>> 0 Points calculated
[Thread: 89373] ==>> 11 Points calculated
[Thread: 89398] ==>> 0 Points calculated
[Thread: 89381] ==>> Spinning up...
[Thread: 89381] ==>> 0 Points calculated
[Thread: 89382] ==>> Spinning up...
[Thread: 89382] ==>> 0 Points calculated
[Thread: 89394] ==>> 9 Points calculated
[Thread: 89376] ==>> 11 Points calculated
[Thread: 89396] ==>> 0 Points calculated
[Thread: 89399] ==>> Spinning up...
[Thread: 89399] ==>> 0 Points calculated
[Thread: 89372] ==>> 9 Points calculated
[Thread: 89385] ==>> Spinning up...
[Thread: 89385] ==>> 0 Points calculated
[Thread: 89401] ==>> 0 Points calculated
[Thread: 89390] ==>> Spinning up...
[Thread: 89390] ==>> 0 Points calculated
[Thread: 89391] ==>> Spinning up...
[Thread: 89391] ==>> 0 Points calculated
[Thread: 89387] ==>> Spinning up...
[Thread: 89387] ==>> 0 Points calculated
[Thread: 89383] ==>> Spinning up...
[Thread: 89383] ==>> 0 Points calculated
[Thread: 89371] ==>> 8 Points calculated
[Thread: 89402] ==>> 0 Points calculated
[Thread: 89379] ==>> Spinning up...
[Thread: 89379] ==>> 0 Points calculated
[Thread: 89380] ==>> Spinning up...
[Thread: 89380] ==>> 0 Points calculated
[Thread: 89388] ==>> Spinning up...
[Thread: 89388] ==>> 0 Points calculated
[Thread: 89384] ==>> 0 Points calculated
[Thread: 89392] ==>> Spinning up...
[Thread: 89392] ==>> 0 Points calculated
[Thread: 89374] ==>> 13 Points calculated
[Thread: 89393] ==>> 10 Points calculated
Timer: 0.004390643 sec
====[Computing  Histograms]====
[Bins] ==>> 25 x 25
[XLim] ==>> [0, 3.192]
[YLim] ==>> [0.2, 0.665]
Timer: 4.231e-05 sec
==[Computing Distance Matrix]==
Timer: 1.563e-06 sec
Distance matrix:
0 
