======[Sampling topology]======
[Volume ]   ==>> Box: 1.500000 1.500000 1.500000
[Npoints]   ==>> 1000
[Threads]   ==>> 32
[STEP SIZE] ==>> 0.001
=~=~=~=~[Trajectory 0]=~=~=~=~
====[Initializing threads]====
[Thread: 24563] ==>> Spinning up...
[Thread: 24564] ==>> Spinning up...
[Thread: 24565] ==>> Spinning up...
[Thread: 24566] ==>> Spinning up...
[Thread: 24567] ==>> Spinning up...
[Thread: 24568] ==>> Spinning up...
[Thread: 24569] ==>> Spinning up...
[Thread: 24575] ==>> Spinning up...
[Thread: 24571] ==>> Spinning up...
[Thread: 24572] ==>> Spinning up...
[Thread: 24573] ==>> Spinning up...
[Thread: 24574] ==>> Spinning up...
[Thread: 24570] ==>> Spinning up...
[Thread: 24576] ==>> Spinning up...
[Thread: 24577] ==>> Spinning up...
[Thread: 24578] ==>> Spinning up...
[Thread: 24581] ==>> Spinning up...
[Thread: 24583] ==>> Spinning up...
[Thread: 24580] ==>> Spinning up...
[Thread: 24579] ==>> Spinning up...
[Thread: 24589] ==>> Spinning up...
[Thread: 24593] ==>> Spinning up...
[Thread: 24592] ==>> Spinning up...
[Thread: 24584] ==>> Spinning up...
[Thread: 24585] ==>> Spinning up...
[Thread: 24586] ==>> Spinning up...
[Thread: 24587] ==>> Spinning up...
[Thread: 24588] ==>> Spinning up...
[Thread: 24590] ==>> Spinning up...
[Thread: 24591] ==>> Spinning up...
[Thread: 24594] ==>> Spinning up...
[Thread: 24582] ==>> Spinning up...
[Thread: 24574] ==>> 24 Points calculated
[Thread: 24575] ==>> 32 Points calculated
[Thread: 24571] ==>> 29 Points calculated
[Thread: 24578] ==>> 29 Points calculated
[Thread: 24564] ==>> 26 Points calculated
[Thread: 24594] ==>> 28 Points calculated
[Thread: 24567] ==>> 34 Points calculated
[Thread: 24563] ==>> 37 Points calculated
[Thread: 24572] ==>> 35 Points calculated
[Thread: 24590] ==>> 33 Points calculated
[Thread: 24580] ==>> 24 Points calculated
[Thread: 24565] ==>> 28 Points calculated
[Thread: 24587] ==>> 27 Points calculated
[Thread: 24576] ==>> 27 Points calculated
[Thread: 24591] ==>> 33 Points calculated
[Thread: 24586] ==>> 35 Points calculated
[Thread: 24570] ==>> 31 Points calculated
[Thread: 24588] ==>> 29 Points calculated
[Thread: 24568] ==>> 33 Points calculated
[Thread: 24573] ==>> 35 Points calculated
[Thread: 24577] ==>> 31 Points calculated
[Thread: 24569] ==>> 29 Points calculated
[Thread: 24589] ==>> 23 Points calculated
[Thread: 24582] ==>> 35 Points calculated
[Thread: 24583] ==>> 30 Points calculated
[Thread: 24581] ==>> 32 Points calculated
[Thread: 24584] ==>> 38 Points calculated
[Thread: 24593] ==>> 37 Points calculated
[Thread: 24579] ==>> 34 Points calculated
[Thread: 24592] ==>> 32 Points calculated
[Thread: 24566] ==>> 36 Points calculated
[Thread: 24585] ==>> 34 Points calculated
Timer: 3.59133 sec
====[Computing  Histograms]====
[Bins] ==>> 25 x 25
[XLim] ==>> [0.001, 3.272]
[YLim] ==>> [0.194, 0.354]
Timer: 8.502e-05 sec
==[Computing Distance Matrix]==
Timer: 3.596e-06 sec
Distance matrix:
0 
