======[Sampling topology]======
[Volume ]   ==>> Box: 1.500000 1.500000 1.500000
[Npoints]   ==>> 1000
[Threads]   ==>> 16
[STEP SIZE] ==>> 0.001
=~=~=~=~[Trajectory 0]=~=~=~=~
====[Initializing threads]====
[Thread: 48443] ==>> Spinning up...
[Thread: 48444] ==>> Spinning up...
[Thread: 48445] ==>> Spinning up...
[Thread: 48446] ==>> Spinning up...
[Thread: 48447] ==>> Spinning up...
[Thread: 48448] ==>> Spinning up...
[Thread: 48450] ==>> Spinning up...
[Thread: 48449] ==>> Spinning up...
[Thread: 48451] ==>> Spinning up...
[Thread: 48452] ==>> Spinning up...
[Thread: 48455] ==>> Spinning up...
[Thread: 48456] ==>> Spinning up...
[Thread: 48457] ==>> Spinning up...
[Thread: 48458] ==>> Spinning up...
[Thread: 48453] ==>> Spinning up...
[Thread: 48454] ==>> Spinning up...
[Thread: 48446] ==>> 66 Points calculated
[Thread: 48456] ==>> 67 Points calculated
[Thread: 48458] ==>> 59 Points calculated
[Thread: 48455] ==>> 65 Points calculated
[Thread: 48449] ==>> 57 Points calculated
[Thread: 48443] ==>> 66 Points calculated
[Thread: 48447] ==>> 57 Points calculated
[Thread: 48452] ==>> 65 Points calculated
[Thread: 48450] ==>> 71 Points calculated
[Thread: 48454] ==>> 57 Points calculated
[Thread: 48457] ==>> 54 Points calculated
[Thread: 48451] ==>> 63 Points calculated
[Thread: 48444] ==>> 70 Points calculated
[Thread: 48448] ==>> 69 Points calculated
[Thread: 48453] ==>> 65 Points calculated
[Thread: 48445] ==>> 49 Points calculated
Timer: 6.70427 sec
====[Computing  Histograms]====
[Bins] ==>> 25 x 25
[XLim] ==>> [0.002, 3.086]
[YLim] ==>> [0.25, 0.021]
Timer: 6.8329e-05 sec
==[Computing Distance Matrix]==
Timer: 9.82e-07 sec
Distance matrix:
0 
