======[Sampling topology]======
[Volume ]   ==>> Box: 1.500000 1.500000 1.500000
[Npoints]   ==>> 100
[Threads]   ==>> 32
[STEP SIZE] ==>> 0.05
=~=~=~=~[Trajectory 0]=~=~=~=~
====[Initializing threads]====
[Thread: 93664] ==>> Spinning up...
[Thread: 93666] ==>> Spinning up...
[Thread: 93665] ==>> Spinning up...
[Thread: 93667] ==>> Spinning up...
[Thread: 93668] ==>> Spinning up...
[Thread: 93669] ==>> Spinning up...
[Thread: 93670] ==>> Spinning up...
[Thread: 93676] ==>> Spinning up...
[Thread: 93672] ==>> Spinning up...
[Thread: 93673] ==>> Spinning up...
[Thread: 93675] ==>> Spinning up...
[Thread: 93671] ==>> Spinning up...
[Thread: 93677] ==>> Spinning up...
[Thread: 93674] ==>> Spinning up...
[Thread: 93678] ==>> Spinning up...
[Thread: 93679] ==>> Spinning up...
[Thread: 93680] ==>> Spinning up...
[Thread: 93681] ==>> Spinning up...
[Thread: 93682] ==>> Spinning up...
[Thread: 93683] ==>> Spinning up...
[Thread: 93684] ==>> Spinning up...
[Thread: 93693] ==>> Spinning up...
[Thread: 93678] ==>> 5 Points calculated
[Thread: 93679] ==>> 4 Points calculated
[Thread: 93683] ==>> 4 Points calculated
[Thread: 93682] ==>> 4 Points calculated
[Thread: 93684] ==>> 3 Points calculated
[Thread: 93695] ==>> Spinning up...
[Thread: 93695] ==>> 0 Points calculated
[Thread: 93671] ==>> 6 Points calculated
[Thread: 93686] ==>> Spinning up...
[Thread: 93689] ==>> Spinning up...
[Thread: 93691] ==>> Spinning up...
[Thread: 93689] ==>> 0 Points calculated
[Thread: 93694] ==>> Spinning up...
[Thread: 93694] ==>> 0 Points calculated
[Thread: 93686] ==>> 0 Points calculated
[Thread: 93673] ==>> 6 Points calculated
[Thread: 93692] ==>> Spinning up...
[Thread: 93692] ==>> 0 Points calculated
[Thread: 93681] ==>> 5 Points calculated
[Thread: 93677] ==>> 3 Points calculated
[Thread: 93691] ==>> 0 Points calculated
[Thread: 93690] ==>> Spinning up...
[Thread: 93687] ==>> Spinning up...
[Thread: 93687] ==>> 0 Points calculated
[Thread: 93676] ==>> 6 Points calculated
[Thread: 93668] ==>> 7 Points calculated
[Thread: 93667] ==>> 6 Points calculated
[Thread: 93690] ==>> 0 Points calculated
[Thread: 93688] ==>> Spinning up...
[Thread: 93674] ==>> 4 Points calculated
[Thread: 93685] ==>> Spinning up...
[Thread: 93685] ==>> 0 Points calculated
[Thread: 93688] ==>> 0 Points calculated
[Thread: 93664] ==>> 6 Points calculated
[Thread: 93670] ==>> 4 Points calculated
[Thread: 93666] ==>> 2 Points calculated
[Thread: 93672] ==>> 4 Points calculated
[Thread: 93665] ==>> 3 Points calculated
[Thread: 93693] ==>> 3 Points calculated
[Thread: 93669] ==>> 4 Points calculated
[Thread: 93680] ==>> 6 Points calculated
[Thread: 93675] ==>> 5 Points calculated
Timer: 0.004338511 sec
====[Computing  Histograms]====
[Bins] ==>> 25 x 25
[XLim] ==>> [0, 3.691]
[YLim] ==>> [3.691, 0.744]
Timer: 4.1999e-05 sec
==[Computing Distance Matrix]==
Timer: 9.01e-07 sec
Distance matrix:
0 
