======[Sampling topology]======
[Volume ]   ==>> Box: 1.500000 1.500000 1.500000
[Npoints]   ==>> 10000
[Threads]   ==>> 32
[STEP SIZE] ==>> 0.01
=~=~=~=~[Trajectory 0]=~=~=~=~
====[Initializing threads]====
[Thread: 79378] ==>> Spinning up...
[Thread: 79380] ==>> Spinning up...
[Thread: 79379] ==>> Spinning up...
[Thread: 79384] ==>> Spinning up...
[Thread: 79382] ==>> Spinning up...
[Thread: 79383] ==>> Spinning up...
[Thread: 79381] ==>> Spinning up...
[Thread: 79385] ==>> Spinning up...
[Thread: 79386] ==>> Spinning up...
[Thread: 79387] ==>> Spinning up...
[Thread: 79389] ==>> Spinning up...
[Thread: 79393] ==>> Spinning up...
[Thread: 79388] ==>> Spinning up...
[Thread: 79391] ==>> Spinning up...
[Thread: 79400] ==>> Spinning up...
[Thread: 79394] ==>> Spinning up...
[Thread: 79392] ==>> Spinning up...
[Thread: 79396] ==>> Spinning up...
[Thread: 79401] ==>> Spinning up...
[Thread: 79402] ==>> Spinning up...
[Thread: 79397] ==>> Spinning up...
[Thread: 79406] ==>> Spinning up...
[Thread: 79408] ==>> Spinning up...
[Thread: 79405] ==>> Spinning up...
[Thread: 79404] ==>> Spinning up...
[Thread: 79403] ==>> Spinning up...
[Thread: 79407] ==>> Spinning up...
[Thread: 79398] ==>> Spinning up...
[Thread: 79399] ==>> Spinning up...
[Thread: 79390] ==>> Spinning up...
[Thread: 79395] ==>> Spinning up...
[Thread: 79409] ==>> Spinning up...
[Thread: 79394] ==>> 356 Points calculated
[Thread: 79401] ==>> 362 Points calculated
[Thread: 79382] ==>> 334 Points calculated
[Thread: 79395] ==>> 290 Points calculated
[Thread: 79408] ==>> 338 Points calculated
[Thread: 79385] ==>> 365 Points calculated
[Thread: 79393] ==>> 366 Points calculated
[Thread: 79400] ==>> 320 Points calculated
[Thread: 79402] ==>> 267 Points calculated
[Thread: 79380] ==>> 332 Points calculated
[Thread: 79387] ==>> 330 Points calculated
[Thread: 79379] ==>> 321 Points calculated
[Thread: 79398] ==>> 234 Points calculated
[Thread: 79409] ==>> 267 Points calculated
[Thread: 79391] ==>> 313 Points calculated
[Thread: 79390] ==>> 257 Points calculated
[Thread: 79396] ==>> 324 Points calculated
[Thread: 79399] ==>> 289 Points calculated
[Thread: 79404] ==>> 272 Points calculated
[Thread: 79405] ==>> 289 Points calculated
[Thread: 79403] ==>> 311 Points calculated
[Thread: 79383] ==>> 326 Points calculated
[Thread: 79389] ==>> 344 Points calculated
[Thread: 79378] ==>> 344 Points calculated
[Thread: 79388] ==>> 349 Points calculated
[Thread: 79384] ==>> 337 Points calculated
[Thread: 79406] ==>> 248 Points calculated
[Thread: 79386] ==>> 332 Points calculated
[Thread: 79397] ==>> 283 Points calculated
[Thread: 79407] ==>> 284 Points calculated
[Thread: 79392] ==>> 353 Points calculated
[Thread: 79381] ==>> 263 Points calculated
Timer: 0.79125464 sec
====[Computing  Histograms]====
[Bins] ==>> 25 x 25
[XLim] ==>> [0, 3.883]
[YLim] ==>> [0.11, 0.02]
Timer: 0.000288122 sec
==[Computing Distance Matrix]==
Timer: 6.41e-07 sec
Distance matrix:
0 
