======[Sampling topology]======
[Volume ]   ==>> Box: 1.500000 1.500000 1.500000
[Npoints]   ==>> 1000
[Threads]   ==>> 32
[STEP SIZE] ==>> 0.5
=~=~=~=~[Trajectory 0]=~=~=~=~
====[Initializing threads]====
[Thread: 91976] ==>> Spinning up...
[Thread: 91977] ==>> Spinning up...
[Thread: 91978] ==>> Spinning up...
[Thread: 91982] ==>> Spinning up...
[Thread: 91980] ==>> Spinning up...
[Thread: 91981] ==>> Spinning up...
[Thread: 91979] ==>> Spinning up...
[Thread: 91983] ==>> Spinning up...
[Thread: 91984] ==>> Spinning up...
[Thread: 91985] ==>> Spinning up...
[Thread: 91986] ==>> Spinning up...
[Thread: 91987] ==>> Spinning up...
[Thread: 91988] ==>> Spinning up...
[Thread: 91990] ==>> Spinning up...
[Thread: 91994] ==>> Spinning up...
[Thread: 92000] ==>> Spinning up...
[Thread: 91991] ==>> Spinning up...
[Thread: 92001] ==>> Spinning up...
[Thread: 91981] ==>> 56 Points calculated
[Thread: 92000] ==>> 49 Points calculated
[Thread: 91980] ==>> 54 Points calculated
[Thread: 91998] ==>> Spinning up...
[Thread: 91986] ==>> 54 Points calculated
[Thread: 91993] ==>> Spinning up...
[Thread: 91985] ==>> 54 Points calculated
[Thread: 91977] ==>> 58 Points calculated
[Thread: 92005] ==>> Spinning up...
[Thread: 92005] ==>> 0 Points calculated
[Thread: 91984] ==>> 56 Points calculated
[Thread: 91979] ==>> 57 Points calculated
[Thread: 91995] ==>> Spinning up...
[Thread: 92002] ==>> Spinning up...
[Thread: 92002] ==>> 0 Points calculated
[Thread: 91978] ==>> 55 Points calculated
[Thread: 91994] ==>> 56 Points calculated
[Thread: 91990] ==>> 53 Points calculated
[Thread: 91999] ==>> Spinning up...
[Thread: 91999] ==>> 0 Points calculated
[Thread: 91993] ==>> 0 Points calculated
[Thread: 91996] ==>> Spinning up...
[Thread: 91996] ==>> 0 Points calculated
[Thread: 91983] ==>> 60 Points calculated
[Thread: 92001] ==>> 53 Points calculated
[Thread: 91997] ==>> Spinning up...
[Thread: 91997] ==>> 0 Points calculated
[Thread: 92006] ==>> Spinning up...
[Thread: 92006] ==>> 0 Points calculated
[Thread: 92004] ==>> Spinning up...
[Thread: 92004] ==>> 0 Points calculated
[Thread: 91998] ==>> 0 Points calculated
[Thread: 91987] ==>> 56 Points calculated
[Thread: 92007] ==>> Spinning up...
[Thread: 92007] ==>> 0 Points calculated
[Thread: 91988] ==>> 55 Points calculated
[Thread: 91992] ==>> Spinning up...
[Thread: 91992] ==>> 0 Points calculated
[Thread: 91989] ==>> Spinning up...
[Thread: 91989] ==>> 0 Points calculated
[Thread: 91976] ==>> 55 Points calculated
[Thread: 91991] ==>> 54 Points calculated
[Thread: 91995] ==>> 0 Points calculated
[Thread: 91982] ==>> 65 Points calculated
[Thread: 92003] ==>> Spinning up...
[Thread: 92003] ==>> 0 Points calculated
Timer: 0.01008378 sec
====[Computing  Histograms]====
[Bins] ==>> 25 x 25
[XLim] ==>> [0, 3.71]
[YLim] ==>> [0.5, 0.5]
/var/spool/slurm/d/job20788473/slurm_script: line 9: 91970 Killed                  cpet -p 4k_charges.pqr -o options_mcpet_generic.txt -t 32
slurmstepd: error: Detected 1 oom-kill event(s) in StepId=20788473.batch cgroup. Some of your processes may have been killed by the cgroup out-of-memory handler.
