======[Sampling topology]======
[Volume ]   ==>> Box: 1.500000 1.500000 1.500000
[Npoints]   ==>> 1000
[Threads]   ==>> 32
[STEP SIZE] ==>> 0.01
=~=~=~=~[Trajectory 0]=~=~=~=~
====[Initializing threads]====
[Thread: 91992] ==>> Spinning up...
[Thread: 91994] ==>> Spinning up...
[Thread: 91993] ==>> Spinning up...
[Thread: 91995] ==>> Spinning up...
[Thread: 91996] ==>> Spinning up...
[Thread: 91999] ==>> Spinning up...
[Thread: 92000] ==>> Spinning up...
[Thread: 92001] ==>> Spinning up...
[Thread: 92002] ==>> Spinning up...
[Thread: 91998] ==>> Spinning up...
[Thread: 92009] ==>> Spinning up...
[Thread: 92011] ==>> Spinning up...
[Thread: 92010] ==>> Spinning up...
[Thread: 92014] ==>> Spinning up...
[Thread: 92020] ==>> Spinning up...
[Thread: 92013] ==>> Spinning up...
[Thread: 92021] ==>> Spinning up...
[Thread: 91997] ==>> Spinning up...
[Thread: 92022] ==>> Spinning up...
[Thread: 92023] ==>> Spinning up...
[Thread: 92019] ==>> Spinning up...
[Thread: 92004] ==>> Spinning up...
[Thread: 92006] ==>> Spinning up...
[Thread: 92018] ==>> Spinning up...
[Thread: 92017] ==>> Spinning up...
[Thread: 92005] ==>> Spinning up...
[Thread: 92003] ==>> Spinning up...
[Thread: 92012] ==>> Spinning up...
[Thread: 92016] ==>> Spinning up...
[Thread: 92007] ==>> Spinning up...
[Thread: 92008] ==>> Spinning up...
[Thread: 92015] ==>> Spinning up...
[Thread: 91999] ==>> 52 Points calculated
[Thread: 92016] ==>> 5 Points calculated
[Thread: 92010] ==>> 45 Points calculated
[Thread: 91994] ==>> 56 Points calculated
[Thread: 91995] ==>> 26 Points calculated
[Thread: 92014] ==>> 48 Points calculated
[Thread: 92000] ==>> 39 Points calculated
[Thread: 92012] ==>> 43 Points calculated
[Thread: 91996] ==>> 49 Points calculated
[Thread: 92013] ==>> 46 Points calculated
[Thread: 92008] ==>> 14 Points calculated
[Thread: 92022] ==>> 9 Points calculated
[Thread: 92002] ==>> 58 Points calculated
[Thread: 92004] ==>> 30 Points calculated
[Thread: 92018] ==>> 19 Points calculated
[Thread: 91998] ==>> 51 Points calculated
[Thread: 92001] ==>> 44 Points calculated
[Thread: 92015] ==>> 35 Points calculated
[Thread: 92023] ==>> 6 Points calculated
[Thread: 91997] ==>> 23 Points calculated
[Thread: 92006] ==>> 28 Points calculated
[Thread: 92003] ==>> 24 Points calculated
[Thread: 92019] ==>> 8 Points calculated
[Thread: 91993] ==>> 18 Points calculated
[Thread: 92020] ==>> 17 Points calculated
[Thread: 92011] ==>> 50 Points calculated
[Thread: 92007] ==>> 12 Points calculated
[Thread: 92021] ==>> 11 Points calculated
[Thread: 92017] ==>> 9 Points calculated
[Thread: 92009] ==>> 56 Points calculated
[Thread: 92005] ==>> 15 Points calculated
[Thread: 91992] ==>> 54 Points calculated
Timer: 0.116614714 sec
====[Computing  Histograms]====
[Bins] ==>> 25 x 25
[XLim] ==>> [0, 3.402]
[YLim] ==>> [2.781, 1.024]
Timer: 5.2288e-05 sec
==[Computing Distance Matrix]==
Timer: 7.31e-07 sec
Distance matrix:
0 
