======[Sampling topology]======
[Volume ]   ==>> Box: 1.500000 1.500000 1.500000
[Npoints]   ==>> 100000
[Threads]   ==>> 64
[STEP SIZE] ==>> 0.001
=~=~=~=~[Trajectory 0]=~=~=~=~
====[Initializing threads]====
[Thread: 34066] ==>> Spinning up...
[Thread: 34067] ==>> Spinning up...
[Thread: 34070] ==>> Spinning up...
[Thread: 34069] ==>> Spinning up...
[Thread: 34074] ==>> Spinning up...
[Thread: 34071] ==>> Spinning up...
[Thread: 34072] ==>> Spinning up...
[Thread: 34078] ==>> Spinning up...
[Thread: 34068] ==>> Spinning up...
[Thread: 34075] ==>> Spinning up...
[Thread: 34076] ==>> Spinning up...
[Thread: 34077] ==>> Spinning up...
[Thread: 34073] ==>> Spinning up...
[Thread: 34079] ==>> Spinning up...
[Thread: 34090] ==>> Spinning up...
[Thread: 34081] ==>> Spinning up...
[Thread: 34082] ==>> Spinning up...
[Thread: 34083] ==>> Spinning up...
[Thread: 34096] ==>> Spinning up...
[Thread: 34085] ==>> Spinning up...
[Thread: 34086] ==>> Spinning up...
[Thread: 34087] ==>> Spinning up...
[Thread: 34088] ==>> Spinning up...
[Thread: 34080] ==>> Spinning up...
[Thread: 34091] ==>> Spinning up...
[Thread: 34092] ==>> Spinning up...
[Thread: 34099] ==>> Spinning up...
[Thread: 34095] ==>> Spinning up...
[Thread: 34106] ==>> Spinning up...
[Thread: 34089] ==>> Spinning up...
[Thread: 34084] ==>> Spinning up...
[Thread: 34097] ==>> Spinning up...
[Thread: 34098] ==>> Spinning up...
[Thread: 34101] ==>> Spinning up...
[Thread: 34114] ==>> Spinning up...
[Thread: 34116] ==>> Spinning up...
[Thread: 34094] ==>> Spinning up...
[Thread: 34104] ==>> Spinning up...
[Thread: 34118] ==>> Spinning up...
[Thread: 34119] ==>> Spinning up...
[Thread: 34120] ==>> Spinning up...
[Thread: 34105] ==>> Spinning up...
[Thread: 34093] ==>> Spinning up...
[Thread: 34107] ==>> Spinning up...
[Thread: 34126] ==>> Spinning up...
[Thread: 34127] ==>> Spinning up...
[Thread: 34109] ==>> Spinning up...
[Thread: 34110] ==>> Spinning up...
[Thread: 34111] ==>> Spinning up...
[Thread: 34112] ==>> Spinning up...
[Thread: 34113] ==>> Spinning up...
[Thread: 34102] ==>> Spinning up...
[Thread: 34115] ==>> Spinning up...
[Thread: 34100] ==>> Spinning up...
[Thread: 34117] ==>> Spinning up...
[Thread: 34121] ==>> Spinning up...
[Thread: 34128] ==>> Spinning up...
[Thread: 34125] ==>> Spinning up...
[Thread: 34103] ==>> Spinning up...
[Thread: 34124] ==>> Spinning up...
[Thread: 34108] ==>> Spinning up...
[Thread: 34123] ==>> Spinning up...
[Thread: 34122] ==>> Spinning up...
[Thread: 34129] ==>> Spinning up...
[Thread: 34066] ==>> 1526 Points calculated
[Thread: 34125] ==>> 1563 Points calculated
[Thread: 34099] ==>> 1635 Points calculated
[Thread: 34083] ==>> 1540 Points calculated
[Thread: 34079] ==>> 1585 Points calculated
[Thread: 34072] ==>> 1589 Points calculated
[Thread: 34085] ==>> 1542 Points calculated
[Thread: 34082] ==>> 1530 Points calculated
[Thread: 34128] ==>> 1527 Points calculated
[Thread: 34092] ==>> 1567 Points calculated
[Thread: 34109] ==>> 1562 Points calculated
[Thread: 34081] ==>> 1593 Points calculated
[Thread: 34121] ==>> 1549 Points calculated
[Thread: 34080] ==>> 1578 Points calculated
[Thread: 34093] ==>> 1602 Points calculated
[Thread: 34069] ==>> 1600 Points calculated
[Thread: 34113] ==>> 1571 Points calculated
[Thread: 34120] ==>> 1557 Points calculated
[Thread: 34100] ==>> 1575 Points calculated
[Thread: 34124] ==>> 1562 Points calculated
[Thread: 34108] ==>> 1540 Points calculated
[Thread: 34118] ==>> 1528 Points calculated
[Thread: 34123] ==>> 1506 Points calculated
[Thread: 34075] ==>> 1503 Points calculated
[Thread: 34068] ==>> 1593 Points calculated
[Thread: 34122] ==>> 1568 Points calculated
[Thread: 34074] ==>> 1671 Points calculated
[Thread: 34105] ==>> 1525 Points calculated
[Thread: 34077] ==>> 1573 Points calculated
[Thread: 34110] ==>> 1588 Points calculated
[Thread: 34070] ==>> 1568 Points calculated
[Thread: 34087] ==>> 1537 Points calculated
[Thread: 34089] ==>> 1549 Points calculated
[Thread: 34096] ==>> 1572 Points calculated
[Thread: 34067] ==>> 1562 Points calculated
[Thread: 34098] ==>> 1606 Points calculated
[Thread: 34126] ==>> 1567 Points calculated
[Thread: 34088] ==>> 1543 Points calculated
[Thread: 34102] ==>> 1563 Points calculated
[Thread: 34129] ==>> 1580 Points calculated
[Thread: 34078] ==>> 1475 Points calculated
[Thread: 34097] ==>> 1530 Points calculated
[Thread: 34119] ==>> 1597 Points calculated
[Thread: 34090] ==>> 1508 Points calculated
[Thread: 34101] ==>> 1611 Points calculated
[Thread: 34091] ==>> 1552 Points calculated
[Thread: 34117] ==>> 1561 Points calculated
[Thread: 34103] ==>> 1530 Points calculated
[Thread: 34073] ==>> 1552 Points calculated
[Thread: 34076] ==>> 1546 Points calculated
[Thread: 34112] ==>> 1523 Points calculated
[Thread: 34116] ==>> 1625 Points calculated
[Thread: 34104] ==>> 1528 Points calculated
[Thread: 34094] ==>> 1606 Points calculated
[Thread: 34095] ==>> 1589 Points calculated
[Thread: 34111] ==>> 1522 Points calculated
[Thread: 34084] ==>> 1587 Points calculated
[Thread: 34114] ==>> 1558 Points calculated
[Thread: 34086] ==>> 1635 Points calculated
[Thread: 34107] ==>> 1518 Points calculated
[Thread: 34127] ==>> 1534 Points calculated
[Thread: 34106] ==>> 1518 Points calculated
[Thread: 34115] ==>> 1578 Points calculated
[Thread: 34071] ==>> 1622 Points calculated
Timer: 185.8422 sec
====[Computing  Histograms]====
[Bins] ==>> 25 x 25
[XLim] ==>> [0, 3.585]
[YLim] ==>> [2.401, 0.027]
Timer: 0.001815036 sec
==[Computing Distance Matrix]==
Timer: 8.72e-07 sec
Distance matrix:
0 
