======[Sampling topology]======
[Volume ]   ==>> Box: 1.500000 1.500000 1.500000
[Npoints]   ==>> 100
[Threads]   ==>> 32
[STEP SIZE] ==>> 0.05
=~=~=~=~[Trajectory 0]=~=~=~=~
====[Initializing threads]====
[Thread: 90238] ==>> Spinning up...
[Thread: 90240] ==>> Spinning up...
[Thread: 90239] ==>> Spinning up...
[Thread: 90241] ==>> Spinning up...
[Thread: 90242] ==>> Spinning up...
[Thread: 90243] ==>> Spinning up...
[Thread: 90247] ==>> Spinning up...
[Thread: 90245] ==>> Spinning up...
[Thread: 90246] ==>> Spinning up...
[Thread: 90244] ==>> Spinning up...
[Thread: 90248] ==>> Spinning up...
[Thread: 90249] ==>> Spinning up...
[Thread: 90250] ==>> Spinning up...
[Thread: 90251] ==>> Spinning up...
[Thread: 90252] ==>> Spinning up...
[Thread: 90253] ==>> Spinning up...
[Thread: 90254] ==>> Spinning up...
[Thread: 90255] ==>> Spinning up...
[Thread: 90256] ==>> Spinning up...
[Thread: 90257] ==>> Spinning up...
[Thread: 90259] ==>> Spinning up...
[Thread: 90266] ==>> Spinning up...
[Thread: 90269] ==>> Spinning up...
[Thread: 90270] ==>> Spinning up...
[Thread: 90247] ==>> 3 Points calculated
[Thread: 90255] ==>> 2 Points calculated
[Thread: 90244] ==>> 4 Points calculated
[Thread: 90252] ==>> 3 Points calculated
[Thread: 90265] ==>> Spinning up...
[Thread: 90249] ==>> 8 Points calculated
[Thread: 90267] ==>> Spinning up...
[Thread: 90267] ==>> 0 Points calculated
[Thread: 90238] ==>> 5 Points calculated
[Thread: 90270] ==>> 2 Points calculated
[Thread: 90245] ==>> 4 Points calculated
[Thread: 90261] ==>> Spinning up...
[Thread: 90261] ==>> 0 Points calculated
[Thread: 90240] ==>> 7 Points calculated
[Thread: 90263] ==>> Spinning up...
[Thread: 90256] ==>> 3 Points calculated
[Thread: 90258] ==>> Spinning up...
[Thread: 90259] ==>> 4 Points calculated
[Thread: 90265] ==>> 0 Points calculated
[Thread: 90250] ==>> 3 Points calculated
[Thread: 90262] ==>> Spinning up...
[Thread: 90268] ==>> Spinning up...
[Thread: 90263] ==>> 0 Points calculated
[Thread: 90260] ==>> Spinning up...
[Thread: 90260] ==>> 0 Points calculated
[Thread: 90269] ==>> 1 Points calculated
[Thread: 90268] ==>> 0 Points calculated
[Thread: 90257] ==>> 4 Points calculated
[Thread: 90262] ==>> 0 Points calculated
[Thread: 90266] ==>> 4 Points calculated
[Thread: 90258] ==>> 0 Points calculated
[Thread: 90246] ==>> 5 Points calculated
[Thread: 90254] ==>> 2 Points calculated
[Thread: 90239] ==>> 6 Points calculated
[Thread: 90251] ==>> 3 Points calculated
[Thread: 90253] ==>> 7 Points calculated
[Thread: 90243] ==>> 6 Points calculated
[Thread: 90241] ==>> 4 Points calculated
[Thread: 90248] ==>> 5 Points calculated
[Thread: 90242] ==>> 5 Points calculated
Timer: 0.004458945 sec
====[Computing  Histograms]====
[Bins] ==>> 25 x 25
[XLim] ==>> [0.05, 2.627]
[YLim] ==>> [2.554, 0.736]
Timer: 4.0846e-05 sec
==[Computing Distance Matrix]==
Timer: 7.42e-07 sec
Distance matrix:
0 
