======[Sampling topology]======
[Volume ]   ==>> Box: 1.500000 1.500000 1.500000
[Npoints]   ==>> 1000
[Threads]   ==>> 64
[STEP SIZE] ==>> 0.001
=~=~=~=~[Trajectory 0]=~=~=~=~
====[Initializing threads]====
[Thread: 54447] ==>> Spinning up...
[Thread: 54448] ==>> Spinning up...
[Thread: 54449] ==>> Spinning up...
[Thread: 54450] ==>> Spinning up...
[Thread: 54452] ==>> Spinning up...
[Thread: 54453] ==>> Spinning up...
[Thread: 54454] ==>> Spinning up...
[Thread: 54455] ==>> Spinning up...
[Thread: 54456] ==>> Spinning up...
[Thread: 54457] ==>> Spinning up...
[Thread: 54458] ==>> Spinning up...
[Thread: 54459] ==>> Spinning up...
[Thread: 54460] ==>> Spinning up...
[Thread: 54461] ==>> Spinning up...
[Thread: 54462] ==>> Spinning up...
[Thread: 54463] ==>> Spinning up...
[Thread: 54464] ==>> Spinning up...
[Thread: 54466] ==>> Spinning up...
[Thread: 54467] ==>> Spinning up...
[Thread: 54468] ==>> Spinning up...
[Thread: 54469] ==>> Spinning up...
[Thread: 54473] ==>> Spinning up...
[Thread: 54476] ==>> Spinning up...
[Thread: 54477] ==>> Spinning up...
[Thread: 54498] ==>> Spinning up...
[Thread: 54478] ==>> Spinning up...
[Thread: 54499] ==>> Spinning up...
[Thread: 54479] ==>> Spinning up...
[Thread: 54486] ==>> Spinning up...
[Thread: 54488] ==>> Spinning up...
[Thread: 54510] ==>> Spinning up...
[Thread: 54480] ==>> Spinning up...
[Thread: 54475] ==>> Spinning up...
[Thread: 54484] ==>> Spinning up...
[Thread: 54500] ==>> Spinning up...
[Thread: 54481] ==>> Spinning up...
[Thread: 54482] ==>> Spinning up...
[Thread: 54502] ==>> Spinning up...
[Thread: 54485] ==>> Spinning up...
[Thread: 54491] ==>> Spinning up...
[Thread: 54503] ==>> Spinning up...
[Thread: 54501] ==>> Spinning up...
[Thread: 54487] ==>> Spinning up...
[Thread: 54504] ==>> Spinning up...
[Thread: 54505] ==>> Spinning up...
[Thread: 54506] ==>> Spinning up...
[Thread: 54507] ==>> Spinning up...
[Thread: 54474] ==>> Spinning up...
[Thread: 54508] ==>> Spinning up...
[Thread: 54472] ==>> Spinning up...
[Thread: 54471] ==>> Spinning up...
[Thread: 54470] ==>> Spinning up...
[Thread: 54511] ==>> Spinning up...
[Thread: 54509] ==>> Spinning up...
[Thread: 54497] ==>> Spinning up...
[Thread: 54496] ==>> Spinning up...
[Thread: 54489] ==>> Spinning up...
[Thread: 54490] ==>> Spinning up...
[Thread: 54483] ==>> Spinning up...
[Thread: 54493] ==>> Spinning up...
[Thread: 54492] ==>> Spinning up...
[Thread: 54494] ==>> Spinning up...
[Thread: 54495] ==>> Spinning up...
[Thread: 54465] ==>> Spinning up...
[Thread: 54453] ==>> 16 Points calculated
[Thread: 54469] ==>> 15 Points calculated
[Thread: 54468] ==>> 21 Points calculated
[Thread: 54501] ==>> 11 Points calculated
[Thread: 54460] ==>> 18 Points calculated
[Thread: 54484] ==>> 26 Points calculated
[Thread: 54491] ==>> 20 Points calculated
[Thread: 54511] ==>> 11 Points calculated
[Thread: 54455] ==>> 20 Points calculated
[Thread: 54471] ==>> 19 Points calculated
[Thread: 54449] ==>> 13 Points calculated
[Thread: 54494] ==>> 18 Points calculated
[Thread: 54479] ==>> 22 Points calculated
[Thread: 54452] ==>> 16 Points calculated
[Thread: 54477] ==>> 16 Points calculated
[Thread: 54482] ==>> 19 Points calculated
[Thread: 54498] ==>> 12 Points calculated
[Thread: 54483] ==>> 11 Points calculated
[Thread: 54487] ==>> 22 Points calculated
[Thread: 54493] ==>> 12 Points calculated
[Thread: 54488] ==>> 17 Points calculated
[Thread: 54486] ==>> 12 Points calculated
[Thread: 54495] ==>> 12 Points calculated
[Thread: 54505] ==>> 12 Points calculated
[Thread: 54461] ==>> 15 Points calculated
[Thread: 54480] ==>> 20 Points calculated
[Thread: 54463] ==>> 18 Points calculated
[Thread: 54504] ==>> 15 Points calculated
[Thread: 54503] ==>> 11 Points calculated
[Thread: 54466] ==>> 24 Points calculated
[Thread: 54470] ==>> 15 Points calculated
[Thread: 54450] ==>> 18 Points calculated
[Thread: 54506] ==>> 14 Points calculated
[Thread: 54454] ==>> 19 Points calculated
[Thread: 54473] ==>> 20 Points calculated
[Thread: 54456] ==>> 22 Points calculated
[Thread: 54464] ==>> 14 Points calculated
[Thread: 54481] ==>> 18 Points calculated
[Thread: 54459] ==>> 17 Points calculated
[Thread: 54508] ==>> 5 Points calculated
[Thread: 54458] ==>> 20 Points calculated
[Thread: 54490] ==>> 13 Points calculated
[Thread: 54507] ==>> 11 Points calculated
[Thread: 54476] ==>> 23 Points calculated
[Thread: 54467] ==>> 19 Points calculated
[Thread: 54457] ==>> 9 Points calculated
[Thread: 54492] ==>> 14 Points calculated
[Thread: 54447] ==>> 20 Points calculated
[Thread: 54499] ==>> 10 Points calculated
[Thread: 54509] ==>> 16 Points calculated
[Thread: 54474] ==>> 12 Points calculated
[Thread: 54500] ==>> 9 Points calculated
[Thread: 54502] ==>> 18 Points calculated
[Thread: 54475] ==>> 11 Points calculated
[Thread: 54496] ==>> 10 Points calculated
[Thread: 54485] ==>> 9 Points calculated
[Thread: 54462] ==>> 14 Points calculated
[Thread: 54448] ==>> 22 Points calculated
[Thread: 54510] ==>> 11 Points calculated
[Thread: 54497] ==>> 15 Points calculated
[Thread: 54489] ==>> 7 Points calculated
[Thread: 54472] ==>> 14 Points calculated
[Thread: 54478] ==>> 24 Points calculated
[Thread: 54465] ==>> 13 Points calculated
Timer: 0.45842662 sec
====[Computing  Histograms]====
[Bins] ==>> 25 x 25
[XLim] ==>> [0.001, 3.549]
[YLim] ==>> [0.188, 0.982]
Timer: 8.8094e-05 sec
==[Computing Distance Matrix]==
Timer: 2.815e-06 sec
Distance matrix:
0 
