======[Sampling topology]======
[Volume ]   ==>> Box: 1.500000 1.500000 1.500000
[Npoints]   ==>> 1000
[Threads]   ==>> 1
[STEP SIZE] ==>> 0.001
=~=~=~=~[Trajectory 0]=~=~=~=~
1000 Points calculated
Timer: 23.05462 sec
====[Computing  Histograms]====
[Bins] ==>> 25 x 25
[XLim] ==>> [0.001, 3.578]
[YLim] ==>> [3.171, 0.325]
Timer: 6.7858e-05 sec
==[Computing Distance Matrix]==
Timer: 1.082e-06 sec
Distance matrix:
0 
