======[Sampling topology]======
[Volume ]   ==>> Box: 1.500000 1.500000 1.500000
[Npoints]   ==>> 10000
[Threads]   ==>> 32
[STEP SIZE] ==>> 0.05
=~=~=~=~[Trajectory 0]=~=~=~=~
====[Initializing threads]====
[Thread: 98316] ==>> Spinning up...
[Thread: 98317] ==>> Spinning up...
[Thread: 98318] ==>> Spinning up...
[Thread: 98319] ==>> Spinning up...
[Thread: 98322] ==>> Spinning up...
[Thread: 98321] ==>> Spinning up...
[Thread: 98320] ==>> Spinning up...
[Thread: 98323] ==>> Spinning up...
[Thread: 98324] ==>> Spinning up...
[Thread: 98332] ==>> Spinning up...
[Thread: 98334] ==>> Spinning up...
[Thread: 98333] ==>> Spinning up...
[Thread: 98337] ==>> Spinning up...
[Thread: 98339] ==>> Spinning up...
[Thread: 98340] ==>> Spinning up...
[Thread: 98344] ==>> Spinning up...
[Thread: 98343] ==>> Spinning up...
[Thread: 98342] ==>> Spinning up...
[Thread: 98345] ==>> Spinning up...
[Thread: 98341] ==>> Spinning up...
[Thread: 98331] ==>> Spinning up...
[Thread: 98338] ==>> Spinning up...
[Thread: 98327] ==>> Spinning up...
[Thread: 98336] ==>> Spinning up...
[Thread: 98335] ==>> Spinning up...
[Thread: 98346] ==>> Spinning up...
[Thread: 98330] ==>> Spinning up...
[Thread: 98347] ==>> Spinning up...
[Thread: 98329] ==>> Spinning up...
[Thread: 98328] ==>> Spinning up...
[Thread: 98326] ==>> Spinning up...
[Thread: 98325] ==>> Spinning up...
[Thread: 98332] ==>> 393 Points calculated
[Thread: 98321] ==>> 381 Points calculated
[Thread: 98334] ==>> 308 Points calculated
[Thread: 98322] ==>> 366 Points calculated
[Thread: 98328] ==>> 325 Points calculated
[Thread: 98331] ==>> 337 Points calculated
[Thread: 98346] ==>> 292 Points calculated
[Thread: 98339] ==>> 309 Points calculated
[Thread: 98338] ==>> 387 Points calculated
[Thread: 98344] ==>> 231 Points calculated
[Thread: 98337] ==>> 392 Points calculated
[Thread: 98342] ==>> 366 Points calculated
[Thread: 98327] ==>> 278 Points calculated
[Thread: 98326] ==>> 277 Points calculated
[Thread: 98330] ==>> 284 Points calculated
[Thread: 98343] ==>> 172 Points calculated
[Thread: 98324] ==>> 291 Points calculated
[Thread: 98318] ==>> 372 Points calculated
[Thread: 98347] ==>> 297 Points calculated
[Thread: 98333] ==>> 371 Points calculated
[Thread: 98323] ==>> 399 Points calculated
[Thread: 98340] ==>> 318 Points calculated
[Thread: 98319] ==>> 378 Points calculated
[Thread: 98325] ==>> 236 Points calculated
[Thread: 98317] ==>> 360 Points calculated
[Thread: 98329] ==>> 255 Points calculated
[Thread: 98316] ==>> 303 Points calculated
[Thread: 98335] ==>> 266 Points calculated
[Thread: 98341] ==>> 164 Points calculated
[Thread: 98320] ==>> 392 Points calculated
[Thread: 98336] ==>> 285 Points calculated
[Thread: 98345] ==>> 215 Points calculated
Timer: 0.22364844 sec
====[Computing  Histograms]====
[Bins] ==>> 25 x 25
[XLim] ==>> [0, 3.801]
[YLim] ==>> [2.877, 0]
Timer: 0.000251681 sec
==[Computing Distance Matrix]==
Timer: 6.52e-07 sec
Distance matrix:
0 
