======[Sampling topology]======
[Volume ]   ==>> Box: 1.500000 1.500000 1.500000
[Npoints]   ==>> 10
[Threads]   ==>> 32
[STEP SIZE] ==>> 0.05
=~=~=~=~[Trajectory 0]=~=~=~=~
====[Initializing threads]====
[Thread: 91104] ==>> Spinning up...
[Thread: 91105] ==>> Spinning up...
[Thread: 91106] ==>> Spinning up...
[Thread: 91107] ==>> Spinning up...
[Thread: 91108] ==>> Spinning up...
[Thread: 91109] ==>> Spinning up...
[Thread: 91110] ==>> Spinning up...
[Thread: 91111] ==>> Spinning up...
[Thread: 91112] ==>> Spinning up...
[Thread: 91114] ==>> Spinning up...
[Thread: 91113] ==>> Spinning up...
[Thread: 91113] ==>> 0 Points calculated
[Thread: 91120] ==>> Spinning up...
[Thread: 91120] ==>> 0 Points calculated
[Thread: 91121] ==>> Spinning up...
[Thread: 91115] ==>> Spinning up...
[Thread: 91115] ==>> 0 Points calculated
[Thread: 91117] ==>> Spinning up...
[Thread: 91116] ==>> Spinning up...
[Thread: 91116] ==>> 0 Points calculated
[Thread: 91123] ==>> Spinning up...
[Thread: 91123] ==>> 0 Points calculated
[Thread: 91122] ==>> Spinning up...
[Thread: 91125] ==>> Spinning up...
[Thread: 91127] ==>> Spinning up...
[Thread: 91127] ==>> 0 Points calculated
[Thread: 91110] ==>> 1 Points calculated
[Thread: 91121] ==>> 0 Points calculated
[Thread: 91106] ==>> 1 Points calculated
[Thread: 91108] ==>> 1 Points calculated
[Thread: 91126] ==>> Spinning up...
[Thread: 91126] ==>> 0 Points calculated
[Thread: 91122] ==>> 0 Points calculated
[Thread: 91118] ==>> Spinning up...
[Thread: 91118] ==>> 0 Points calculated
[Thread: 91117] ==>> 0 Points calculated
[Thread: 91104] ==>> 1 Points calculated
[Thread: 91124] ==>> Spinning up...
[Thread: 91124] ==>> 0 Points calculated
[Thread: 91111] ==>> 1 Points calculated
[Thread: 91112] ==>> 1 Points calculated
[Thread: 91128] ==>> Spinning up...
[Thread: 91128] ==>> 0 Points calculated
[Thread: 91109] ==>> 1 Points calculated
[Thread: 91114] ==>> 1 Points calculated
[Thread: 91129] ==>> Spinning up...
[Thread: 91129] ==>> 0 Points calculated
[Thread: 91119] ==>> Spinning up...
[Thread: 91119] ==>> 0 Points calculated
[Thread: 91130] ==>> Spinning up...
[Thread: 91130] ==>> 0 Points calculated
[Thread: 91135] ==>> Spinning up...
[Thread: 91135] ==>> 0 Points calculated
[Thread: 91133] ==>> Spinning up...
[Thread: 91133] ==>> 0 Points calculated
[Thread: 91107] ==>> 1 Points calculated
[Thread: 91134] ==>> Spinning up...
[Thread: 91134] ==>> 0 Points calculated
[Thread: 91131] ==>> Spinning up...
[Thread: 91132] ==>> Spinning up...
[Thread: 91132] ==>> 0 Points calculated
[Thread: 91125] ==>> 0 Points calculated
[Thread: 91131] ==>> 0 Points calculated
[Thread: 91105] ==>> 1 Points calculated
Timer: 0.0022817 sec
====[Computing  Histograms]====
[Bins] ==>> 25 x 25
[XLim] ==>> [0.05, 1.671]
[YLim] ==>> [0.45, 0.05]
Timer: 3.6058e-05 sec
==[Computing Distance Matrix]==
Timer: 7.91e-07 sec
Distance matrix:
0 
