======[Sampling topology]======
[Volume ]   ==>> Box: 1.500000 1.500000 1.500000
[Npoints]   ==>> 100
[Threads]   ==>> 32
[STEP SIZE] ==>> 0.5
=~=~=~=~[Trajectory 0]=~=~=~=~
====[Initializing threads]====
[Thread: 95583] ==>> Spinning up...
[Thread: 95586] ==>> Spinning up...
[Thread: 95588] ==>> Spinning up...
[Thread: 95584] ==>> Spinning up...
[Thread: 95587] ==>> Spinning up...
[Thread: 95585] ==>> Spinning up...
[Thread: 95589] ==>> Spinning up...
[Thread: 95590] ==>> Spinning up...
[Thread: 95591] ==>> Spinning up...
[Thread: 95595] ==>> Spinning up...
[Thread: 95593] ==>> Spinning up...
[Thread: 95594] ==>> Spinning up...
[Thread: 95602] ==>> Spinning up...
[Thread: 95600] ==>> Spinning up...
[Thread: 95593] ==>> 5 Points calculated
[Thread: 95596] ==>> Spinning up...
[Thread: 95596] ==>> 0 Points calculated
[Thread: 95592] ==>> Spinning up...
[Thread: 95592] ==>> 0 Points calculated
[Thread: 95588] ==>> 10 Points calculated
[Thread: 95584] ==>> 8 Points calculated
[Thread: 95603] ==>> Spinning up...
[Thread: 95589] ==>> 6 Points calculated
[Thread: 95605] ==>> Spinning up...
[Thread: 95605] ==>> 0 Points calculated
[Thread: 95601] ==>> Spinning up...
[Thread: 95601] ==>> 0 Points calculated
[Thread: 95598] ==>> Spinning up...
[Thread: 95597] ==>> Spinning up...
[Thread: 95597] ==>> 0 Points calculated
[Thread: 95608] ==>> Spinning up...
[Thread: 95608] ==>> 0 Points calculated
[Thread: 95609] ==>> Spinning up...
[Thread: 95612] ==>> Spinning up...
[Thread: 95612] ==>> 0 Points calculated
[Thread: 95583] ==>> 10 Points calculated
[Thread: 95586] ==>> 10 Points calculated
[Thread: 95591] ==>> 7 Points calculated
[Thread: 95603] ==>> 0 Points calculated
[Thread: 95595] ==>> 6 Points calculated
[Thread: 95590] ==>> 7 Points calculated
[Thread: 95604] ==>> Spinning up...
[Thread: 95604] ==>> 0 Points calculated
[Thread: 95594] ==>> 6 Points calculated
[Thread: 95598] ==>> 0 Points calculated
[Thread: 95599] ==>> Spinning up...
[Thread: 95599] ==>> 0 Points calculated
[Thread: 95602] ==>> 6 Points calculated
[Thread: 95610] ==>> Spinning up...
[Thread: 95610] ==>> 0 Points calculated
[Thread: 95611] ==>> Spinning up...
[Thread: 95611] ==>> 0 Points calculated
[Thread: 95600] ==>> 4 Points calculated
[Thread: 95613] ==>> Spinning up...
[Thread: 95613] ==>> 0 Points calculated
[Thread: 95585] ==>> 7 Points calculated
[Thread: 95587] ==>> 8 Points calculated
[Thread: 95606] ==>> Spinning up...
[Thread: 95606] ==>> 0 Points calculated
[Thread: 95609] ==>> 0 Points calculated
[Thread: 95614] ==>> Spinning up...
[Thread: 95614] ==>> 0 Points calculated
[Thread: 95607] ==>> Spinning up...
[Thread: 95607] ==>> 0 Points calculated
Timer: 0.002788068 sec
====[Computing  Histograms]====
[Bins] ==>> 25 x 25
[XLim] ==>> [0, 3.27]
[YLim] ==>> [0.5, 0]
Timer: 3.9674e-05 sec
==[Computing Distance Matrix]==
Timer: 8.21e-07 sec
Distance matrix:
0 
