======[Sampling topology]======
[Volume ]   ==>> Box: 1.500000 1.500000 1.500000
[Npoints]   ==>> 1000
[Threads]   ==>> 32
[STEP SIZE] ==>> 0.05
=~=~=~=~[Trajectory 0]=~=~=~=~
====[Initializing threads]====
[Thread: 91357] ==>> Spinning up...
[Thread: 91358] ==>> Spinning up...
[Thread: 91359] ==>> Spinning up...
[Thread: 91360] ==>> Spinning up...
[Thread: 91361] ==>> Spinning up...
[Thread: 91362] ==>> Spinning up...
[Thread: 91363] ==>> Spinning up...
[Thread: 91364] ==>> Spinning up...
[Thread: 91365] ==>> Spinning up...
[Thread: 91370] ==>> Spinning up...
[Thread: 91367] ==>> Spinning up...
[Thread: 91373] ==>> Spinning up...
[Thread: 91369] ==>> Spinning up...
[Thread: 91377] ==>> Spinning up...
[Thread: 91371] ==>> Spinning up...
[Thread: 91372] ==>> Spinning up...
[Thread: 91374] ==>> Spinning up...
[Thread: 91368] ==>> Spinning up...
[Thread: 91375] ==>> Spinning up...
[Thread: 91376] ==>> Spinning up...
[Thread: 91366] ==>> Spinning up...
[Thread: 91379] ==>> Spinning up...
[Thread: 91378] ==>> Spinning up...
[Thread: 91380] ==>> Spinning up...
[Thread: 91381] ==>> Spinning up...
[Thread: 91388] ==>> Spinning up...
[Thread: 91382] ==>> Spinning up...
[Thread: 91383] ==>> Spinning up...
[Thread: 91384] ==>> Spinning up...
[Thread: 91385] ==>> Spinning up...
[Thread: 91372] ==>> 40 Points calculated
[Thread: 91379] ==>> 28 Points calculated
[Thread: 91386] ==>> Spinning up...
[Thread: 91386] ==>> 0 Points calculated
[Thread: 91358] ==>> 43 Points calculated
[Thread: 91368] ==>> 51 Points calculated
[Thread: 91359] ==>> 42 Points calculated
[Thread: 91373] ==>> 43 Points calculated
[Thread: 91376] ==>> 51 Points calculated
[Thread: 91363] ==>> 49 Points calculated
[Thread: 91377] ==>> 41 Points calculated
[Thread: 91371] ==>> 41 Points calculated
[Thread: 91366] ==>> 0 Points calculated
[Thread: 91364] ==>> 37 Points calculated
[Thread: 91365] ==>> 49 Points calculated
[Thread: 91361] ==>> 41 Points calculated
[Thread: 91384] ==>> 24 Points calculated
[Thread: 91369] ==>> 45 Points calculated
[Thread: 91367] ==>> 41 Points calculated
[Thread: 91388] ==>> 25 Points calculated
[Thread: 91357] ==>> 47 Points calculated
[Thread: 91380] ==>> 28 Points calculated
[Thread: 91385] ==>> 7 Points calculated
[Thread: 91387] ==>> Spinning up...
[Thread: 91387] ==>> 0 Points calculated
[Thread: 91378] ==>> 15 Points calculated
[Thread: 91370] ==>> 47 Points calculated
[Thread: 91382] ==>> 16 Points calculated
[Thread: 91381] ==>> 11 Points calculated
[Thread: 91375] ==>> 25 Points calculated
[Thread: 91360] ==>> 48 Points calculated
[Thread: 91374] ==>> 13 Points calculated
[Thread: 91362] ==>> 27 Points calculated
[Thread: 91383] ==>> 25 Points calculated
Timer: 0.027405696 sec
====[Computing  Histograms]====
[Bins] ==>> 25 x 25
[XLim] ==>> [0, 3.857]
[YLim] ==>> [2.973, 1.219]
Timer: 5.6507e-05 sec
==[Computing Distance Matrix]==
Timer: 8.01e-07 sec
Distance matrix:
0 
