======[Sampling topology]======
[Volume ]   ==>> Box: 1.500000 1.500000 1.500000
[Npoints]   ==>> 10000
[Threads]   ==>> 32
[STEP SIZE] ==>> 0.5
=~=~=~=~[Trajectory 0]=~=~=~=~
====[Initializing threads]====
[Thread: 89667] ==>> Spinning up...
[Thread: 89668] ==>> Spinning up...
[Thread: 89669] ==>> Spinning up...
[Thread: 89670] ==>> Spinning up...
[Thread: 89671] ==>> Spinning up...
[Thread: 89672] ==>> Spinning up...
[Thread: 89673] ==>> Spinning up...
[Thread: 89674] ==>> Spinning up...
[Thread: 89675] ==>> Spinning up...
[Thread: 89676] ==>> Spinning up...
[Thread: 89677] ==>> Spinning up...
[Thread: 89678] ==>> Spinning up...
[Thread: 89679] ==>> Spinning up...
[Thread: 89688] ==>> Spinning up...
[Thread: 89680] ==>> Spinning up...
[Thread: 89692] ==>> Spinning up...
[Thread: 89687] ==>> Spinning up...
[Thread: 89695] ==>> Spinning up...
[Thread: 89693] ==>> Spinning up...
[Thread: 89681] ==>> Spinning up...
[Thread: 89689] ==>> Spinning up...
[Thread: 89696] ==>> Spinning up...
[Thread: 89684] ==>> Spinning up...
[Thread: 89685] ==>> Spinning up...
[Thread: 89683] ==>> Spinning up...
[Thread: 89682] ==>> Spinning up...
[Thread: 89697] ==>> Spinning up...
[Thread: 89690] ==>> Spinning up...
[Thread: 89694] ==>> Spinning up...
[Thread: 89686] ==>> Spinning up...
[Thread: 89691] ==>> Spinning up...
[Thread: 89698] ==>> Spinning up...
[Thread: 89682] ==>> 304 Points calculated
[Thread: 89673] ==>> 346 Points calculated
[Thread: 89687] ==>> 254 Points calculated
[Thread: 89680] ==>> 430 Points calculated
[Thread: 89698] ==>> 191 Points calculated
[Thread: 89690] ==>> 189 Points calculated
[Thread: 89672] ==>> 435 Points calculated
[Thread: 89694] ==>> 239 Points calculated
[Thread: 89668] ==>> 291 Points calculated
[Thread: 89692] ==>> 286 Points calculated
[Thread: 89689] ==>> 256 Points calculated
[Thread: 89678] ==>> 390 Points calculated
[Thread: 89675] ==>> 437 Points calculated
[Thread: 89696] ==>> 412 Points calculated
[Thread: 89681] ==>> 170 Points calculated
[Thread: 89693] ==>> 255 Points calculated
[Thread: 89691] ==>> 175 Points calculated
[Thread: 89676] ==>> 436 Points calculated
[Thread: 89679] ==>> 430 Points calculated
[Thread: 89683] ==>> 213 Points calculated
[Thread: 89695] ==>> 427 Points calculated
[Thread: 89669] ==>> 430 Points calculated
[Thread: 89685] ==>> 220 Points calculated
[Thread: 89667] ==>> 431 Points calculated
[Thread: 89670] ==>> 420 Points calculated
[Thread: 89684] ==>> 263 Points calculated
[Thread: 89671] ==>> 401 Points calculated
[Thread: 89674] ==>> 258 Points calculated
[Thread: 89697] ==>> 151 Points calculated
[Thread: 89686] ==>> 165 Points calculated
[Thread: 89677] ==>> 369 Points calculated
[Thread: 89688] ==>> 326 Points calculated
Timer: 0.06565747 sec
====[Computing  Histograms]====
[Bins] ==>> 25 x 25
[XLim] ==>> [0, 3.946]
[YLim] ==>> [0, 0]
/var/spool/slurm/d/job20788460/slurm_script: line 9: 89662 Killed                  cpet -p 4k_charges.pqr -o options_mcpet_generic.txt -t 32
slurmstepd: error: Detected 1 oom-kill event(s) in StepId=20788460.batch cgroup. Some of your processes may have been killed by the cgroup out-of-memory handler.
