======[Sampling topology]======
[Volume ]   ==>> Box: 1.500000 1.500000 1.500000
[Npoints]   ==>> 10000
[Threads]   ==>> 32
[STEP SIZE] ==>> 0.001
=~=~=~=~[Trajectory 0]=~=~=~=~
====[Initializing threads]====
[Thread: 92469] ==>> Spinning up...
[Thread: 92471] ==>> Spinning up...
[Thread: 92470] ==>> Spinning up...
[Thread: 92472] ==>> Spinning up...
[Thread: 92478] ==>> Spinning up...
[Thread: 92474] ==>> Spinning up...
[Thread: 92475] ==>> Spinning up...
[Thread: 92476] ==>> Spinning up...
[Thread: 92487] ==>> Spinning up...
[Thread: 92473] ==>> Spinning up...
[Thread: 92479] ==>> Spinning up...
[Thread: 92481] ==>> Spinning up...
[Thread: 92482] ==>> Spinning up...
[Thread: 92483] ==>> Spinning up...
[Thread: 92486] ==>> Spinning up...
[Thread: 92477] ==>> Spinning up...
[Thread: 92498] ==>> Spinning up...
[Thread: 92495] ==>> Spinning up...
[Thread: 92484] ==>> Spinning up...
[Thread: 92480] ==>> Spinning up...
[Thread: 92490] ==>> Spinning up...
[Thread: 92491] ==>> Spinning up...
[Thread: 92492] ==>> Spinning up...
[Thread: 92493] ==>> Spinning up...
[Thread: 92494] ==>> Spinning up...
[Thread: 92496] ==>> Spinning up...
[Thread: 92497] ==>> Spinning up...
[Thread: 92489] ==>> Spinning up...
[Thread: 92500] ==>> Spinning up...
[Thread: 92488] ==>> Spinning up...
[Thread: 92485] ==>> Spinning up...
[Thread: 92499] ==>> Spinning up...
[Thread: 92489] ==>> 321 Points calculated
[Thread: 92490] ==>> 322 Points calculated
[Thread: 92491] ==>> 296 Points calculated
[Thread: 92500] ==>> 329 Points calculated
[Thread: 92486] ==>> 307 Points calculated
[Thread: 92479] ==>> 335 Points calculated
[Thread: 92470] ==>> 324 Points calculated
[Thread: 92488] ==>> 320 Points calculated
[Thread: 92475] ==>> 303 Points calculated
[Thread: 92498] ==>> 290 Points calculated
[Thread: 92478] ==>> 339 Points calculated
[Thread: 92487] ==>> 309 Points calculated
[Thread: 92471] ==>> 310 Points calculated
[Thread: 92492] ==>> 297 Points calculated
[Thread: 92496] ==>> 322 Points calculated
[Thread: 92499] ==>> 301 Points calculated
[Thread: 92484] ==>> 291 Points calculated
[Thread: 92493] ==>> 301 Points calculated
[Thread: 92469] ==>> 312 Points calculated
[Thread: 92476] ==>> 311 Points calculated
[Thread: 92473] ==>> 316 Points calculated
[Thread: 92477] ==>> 312 Points calculated
[Thread: 92474] ==>> 314 Points calculated
[Thread: 92494] ==>> 308 Points calculated
[Thread: 92472] ==>> 290 Points calculated
[Thread: 92481] ==>> 314 Points calculated
[Thread: 92497] ==>> 317 Points calculated
[Thread: 92485] ==>> 313 Points calculated
[Thread: 92483] ==>> 314 Points calculated
[Thread: 92495] ==>> 329 Points calculated
[Thread: 92482] ==>> 308 Points calculated
[Thread: 92480] ==>> 325 Points calculated
Timer: 7.9068146 sec
====[Computing  Histograms]====
[Bins] ==>> 25 x 25
[XLim] ==>> [0, 3.704]
[YLim] ==>> [0.069, 0.362]
Timer: 0.000449542 sec
==[Computing Distance Matrix]==
Timer: 2.665e-06 sec
Distance matrix:
0 
