======[Sampling topology]======
[Volume ]   ==>> Box: 1.500000 1.500000 1.500000
[Npoints]   ==>> 10000
[Threads]   ==>> 32
[STEP SIZE] ==>> 0.001
=~=~=~=~[Trajectory 0]=~=~=~=~
====[Initializing threads]====
[Thread: 15037] ==>> Spinning up...
[Thread: 15038] ==>> Spinning up...
[Thread: 15039] ==>> Spinning up...
[Thread: 15040] ==>> Spinning up...
[Thread: 15041] ==>> Spinning up...
[Thread: 15042] ==>> Spinning up...
[Thread: 15044] ==>> Spinning up...
[Thread: 15043] ==>> Spinning up...
[Thread: 15045] ==>> Spinning up...
[Thread: 15046] ==>> Spinning up...
[Thread: 15047] ==>> Spinning up...
[Thread: 15048] ==>> Spinning up...
[Thread: 15049] ==>> Spinning up...
[Thread: 15050] ==>> Spinning up...
[Thread: 15051] ==>> Spinning up...
[Thread: 15052] ==>> Spinning up...
[Thread: 15055] ==>> Spinning up...
[Thread: 15056] ==>> Spinning up...
[Thread: 15057] ==>> Spinning up...
[Thread: 15058] ==>> Spinning up...
[Thread: 15053] ==>> Spinning up...
[Thread: 15054] ==>> Spinning up...
[Thread: 15062] ==>> Spinning up...
[Thread: 15061] ==>> Spinning up...
[Thread: 15059] ==>> Spinning up...
[Thread: 15060] ==>> Spinning up...
[Thread: 15063] ==>> Spinning up...
[Thread: 15065] ==>> Spinning up...
[Thread: 15067] ==>> Spinning up...
[Thread: 15068] ==>> Spinning up...
[Thread: 15066] ==>> Spinning up...
[Thread: 15064] ==>> Spinning up...
[Thread: 15048] ==>> 317 Points calculated
[Thread: 15065] ==>> 307 Points calculated
[Thread: 15050] ==>> 314 Points calculated
[Thread: 15040] ==>> 322 Points calculated
[Thread: 15041] ==>> 332 Points calculated
[Thread: 15037] ==>> 314 Points calculated
[Thread: 15052] ==>> 323 Points calculated
[Thread: 15053] ==>> 301 Points calculated
[Thread: 15068] ==>> 307 Points calculated
[Thread: 15043] ==>> 317 Points calculated
[Thread: 15056] ==>> 308 Points calculated
[Thread: 15038] ==>> 307 Points calculated
[Thread: 15051] ==>> 301 Points calculated
[Thread: 15067] ==>> 317 Points calculated
[Thread: 15046] ==>> 315 Points calculated
[Thread: 15042] ==>> 295 Points calculated
[Thread: 15066] ==>> 313 Points calculated
[Thread: 15054] ==>> 325 Points calculated
[Thread: 15058] ==>> 300 Points calculated
[Thread: 15063] ==>> 313 Points calculated
[Thread: 15047] ==>> 328 Points calculated
[Thread: 15062] ==>> 320 Points calculated
[Thread: 15055] ==>> 303 Points calculated
[Thread: 15044] ==>> 304 Points calculated
[Thread: 15049] ==>> 291 Points calculated
[Thread: 15039] ==>> 302 Points calculated
[Thread: 15059] ==>> 321 Points calculated
[Thread: 15064] ==>> 300 Points calculated
[Thread: 15057] ==>> 313 Points calculated
[Thread: 15060] ==>> 324 Points calculated
[Thread: 15045] ==>> 320 Points calculated
[Thread: 15061] ==>> 326 Points calculated
Timer: 35.81943 sec
====[Computing  Histograms]====
[Bins] ==>> 25 x 25
[XLim] ==>> [0, 3.574]
[YLim] ==>> [2.375, 0.15]
Timer: 0.000278173 sec
==[Computing Distance Matrix]==
Timer: 8.61e-07 sec
Distance matrix:
0 
